Archive member included to satisfy reference by file (symbol)

d:/mplabx/microchip/xc8/avr/bin/../lib/gcc/avr/5.4.0/../../../../avr/lib/avr5\libm.a(addsf3.o)
                              build/default/production/my_usart.o (__subsf3)
d:/mplabx/microchip/xc8/avr/bin/../lib/gcc/avr/5.4.0/../../../../avr/lib/avr5\libm.a(addsf3x.o)
                              d:/mplabx/microchip/xc8/avr/bin/../lib/gcc/avr/5.4.0/../../../../avr/lib/avr5\libm.a(addsf3.o) (__addsf3x)
d:/mplabx/microchip/xc8/avr/bin/../lib/gcc/avr/5.4.0/../../../../avr/lib/avr5\libm.a(divsf3.o)
                              build/default/production/my_usart.o (__divsf3)
d:/mplabx/microchip/xc8/avr/bin/../lib/gcc/avr/5.4.0/../../../../avr/lib/avr5\libm.a(divsf3x.o)
                              d:/mplabx/microchip/xc8/avr/bin/../lib/gcc/avr/5.4.0/../../../../avr/lib/avr5\libm.a(divsf3.o) (__divsf3x)
d:/mplabx/microchip/xc8/avr/bin/../lib/gcc/avr/5.4.0/../../../../avr/lib/avr5\libm.a(fixsfsi.o)
                              build/default/production/adc.o (__fixsfsi)
d:/mplabx/microchip/xc8/avr/bin/../lib/gcc/avr/5.4.0/../../../../avr/lib/avr5\libm.a(fixunssfsi.o)
                              d:/mplabx/microchip/xc8/avr/bin/../lib/gcc/avr/5.4.0/../../../../avr/lib/avr5\libm.a(fixsfsi.o) (__fixunssfsi)
d:/mplabx/microchip/xc8/avr/bin/../lib/gcc/avr/5.4.0/../../../../avr/lib/avr5\libm.a(floatsisf.o)
                              build/default/production/adc.o (__floatunsisf)
d:/mplabx/microchip/xc8/avr/bin/../lib/gcc/avr/5.4.0/../../../../avr/lib/avr5\libm.a(fp_inf.o)
                              d:/mplabx/microchip/xc8/avr/bin/../lib/gcc/avr/5.4.0/../../../../avr/lib/avr5\libm.a(addsf3x.o) (__fp_inf)
d:/mplabx/microchip/xc8/avr/bin/../lib/gcc/avr/5.4.0/../../../../avr/lib/avr5\libm.a(fp_nan.o)
                              d:/mplabx/microchip/xc8/avr/bin/../lib/gcc/avr/5.4.0/../../../../avr/lib/avr5\libm.a(addsf3x.o) (__fp_nan)
d:/mplabx/microchip/xc8/avr/bin/../lib/gcc/avr/5.4.0/../../../../avr/lib/avr5\libm.a(fp_pscA.o)
                              d:/mplabx/microchip/xc8/avr/bin/../lib/gcc/avr/5.4.0/../../../../avr/lib/avr5\libm.a(addsf3x.o) (__fp_pscA)
d:/mplabx/microchip/xc8/avr/bin/../lib/gcc/avr/5.4.0/../../../../avr/lib/avr5\libm.a(fp_pscB.o)
                              d:/mplabx/microchip/xc8/avr/bin/../lib/gcc/avr/5.4.0/../../../../avr/lib/avr5\libm.a(addsf3x.o) (__fp_pscB)
d:/mplabx/microchip/xc8/avr/bin/../lib/gcc/avr/5.4.0/../../../../avr/lib/avr5\libm.a(fp_round.o)
                              d:/mplabx/microchip/xc8/avr/bin/../lib/gcc/avr/5.4.0/../../../../avr/lib/avr5\libm.a(addsf3.o) (__fp_round)
d:/mplabx/microchip/xc8/avr/bin/../lib/gcc/avr/5.4.0/../../../../avr/lib/avr5\libm.a(fp_split3.o)
                              d:/mplabx/microchip/xc8/avr/bin/../lib/gcc/avr/5.4.0/../../../../avr/lib/avr5\libm.a(addsf3x.o) (__fp_split3)
d:/mplabx/microchip/xc8/avr/bin/../lib/gcc/avr/5.4.0/../../../../avr/lib/avr5\libm.a(fp_zero.o)
                              d:/mplabx/microchip/xc8/avr/bin/../lib/gcc/avr/5.4.0/../../../../avr/lib/avr5\libm.a(addsf3x.o) (__fp_zero)
d:/mplabx/microchip/xc8/avr/bin/../lib/gcc/avr/5.4.0/../../../../avr/lib/avr5\libm.a(mulsf3.o)
                              build/default/production/adc.o (__mulsf3)
d:/mplabx/microchip/xc8/avr/bin/../lib/gcc/avr/5.4.0/../../../../avr/lib/avr5\libm.a(mulsf3x.o)
                              d:/mplabx/microchip/xc8/avr/bin/../lib/gcc/avr/5.4.0/../../../../avr/lib/avr5\libm.a(mulsf3.o) (__mulsf3x)
d:/mplabx/microchip/xc8/avr/bin/../lib/gcc/avr/5.4.0/avr5\libgcc.a(_divmodhi4.o)
                              build/default/production/my_functions.o (__divmodhi4)
d:/mplabx/microchip/xc8/avr/bin/../lib/gcc/avr/5.4.0/avr5\libgcc.a(_tablejump2.o)
                              build/default/production/my_timer.o (__tablejump2__)
d:/mplabx/microchip/xc8/avr/bin/../lib/gcc/avr/5.4.0/avr5\libgcc.a(_udivmodhi4.o)
                              d:/mplabx/microchip/xc8/avr/bin/../lib/gcc/avr/5.4.0/avr5\libgcc.a(_divmodhi4.o) (__udivmodhi4)
d:/mplabx/microchip/xc8/avr/bin/../lib/gcc/avr/5.4.0/../../../../avr/lib/avr5\libc.a(exit.o)
                              D:/mplabx/packs/Microchip/ATmega_DFP/3.1.264/xc8/avr/lib/avr5/crtatmega32a.o (exit)
d:/mplabx/microchip/xc8/avr/bin/../lib/gcc/avr/5.4.0/../../../../avr/lib/avr5\libc.a(_Exit.o)
                              d:/mplabx/microchip/xc8/avr/bin/../lib/gcc/avr/5.4.0/../../../../avr/lib/avr5\libc.a(exit.o) (_Exit)
d:/mplabx/microchip/xc8/avr/bin/../lib/gcc/avr/5.4.0/avr5\libgcc.a(_exit.o)
                              d:/mplabx/microchip/xc8/avr/bin/../lib/gcc/avr/5.4.0/../../../../avr/lib/avr5\libc.a(_Exit.o) (_exit)

Discarded input sections

 .data          0x0000000000000000        0x0 D:/mplabx/packs/Microchip/ATmega_DFP/3.1.264/xc8/avr/lib/avr5/crtatmega32a.o
 .bss           0x0000000000000000        0x0 D:/mplabx/packs/Microchip/ATmega_DFP/3.1.264/xc8/avr/lib/avr5/crtatmega32a.o
 .text          0x0000000000000000        0x0 build/default/production/DIO.o
 .data          0x0000000000000000        0x0 build/default/production/DIO.o
 .bss           0x0000000000000000        0x0 build/default/production/DIO.o
 .text.set_port_dir
                0x0000000000000000       0x60 build/default/production/DIO.o
 .text.set_port
                0x0000000000000000       0x60 build/default/production/DIO.o
 .text.set_port_val
                0x0000000000000000       0x26 build/default/production/DIO.o
 .text.read_port
                0x0000000000000000       0x2a build/default/production/DIO.o
 .text.toggle_pin
                0x0000000000000000       0x6e build/default/production/DIO.o
 .text.toggle_port
                0x0000000000000000       0x36 build/default/production/DIO.o
 .text          0x0000000000000000        0x0 build/default/production/leds.o
 .data          0x0000000000000000        0x0 build/default/production/leds.o
 .bss           0x0000000000000000        0x0 build/default/production/leds.o
 .text.init_leds
                0x0000000000000000       0x2c build/default/production/leds.o
 .text.set_led  0x0000000000000000       0x3a build/default/production/leds.o
 .text.toggle_led
                0x0000000000000000       0x34 build/default/production/leds.o
 .debug_info    0x0000000000000000      0x419 build/default/production/leds.o
 .debug_abbrev  0x0000000000000000       0xaa build/default/production/leds.o
 .debug_loc     0x0000000000000000      0x156 build/default/production/leds.o
 .debug_aranges
                0x0000000000000000       0x30 build/default/production/leds.o
 .debug_ranges  0x0000000000000000       0x20 build/default/production/leds.o
 .debug_line    0x0000000000000000       0xb5 build/default/production/leds.o
 .debug_str     0x0000000000000000       0x17 build/default/production/leds.o
 .comment       0x0000000000000000       0x30 build/default/production/leds.o
 .debug_frame   0x0000000000000000       0x44 build/default/production/leds.o
 .text          0x0000000000000000        0x0 build/default/production/buttons.o
 .data          0x0000000000000000        0x0 build/default/production/buttons.o
 .bss           0x0000000000000000        0x0 build/default/production/buttons.o
 .text          0x0000000000000000        0x0 build/default/production/my_lcd.o
 .data          0x0000000000000000        0x0 build/default/production/my_lcd.o
 .bss           0x0000000000000000        0x0 build/default/production/my_lcd.o
 .text.lcd_EN   0x0000000000000000       0x12 build/default/production/my_lcd.o
 .text.lcd_cmd_8bits
                0x0000000000000000       0x22 build/default/production/my_lcd.o
 .text.init_lcd8bits
                0x0000000000000000       0xb0 build/default/production/my_lcd.o
 .text.lcd_print_char_8bits
                0x0000000000000000       0x1c build/default/production/my_lcd.o
 .text.lcd_print_str_8bits
                0x0000000000000000       0x2a build/default/production/my_lcd.o
 .text.lcd_print_num_8bits
                0x0000000000000000       0x50 build/default/production/my_lcd.o
 .debug_info    0x0000000000000000      0x899 build/default/production/my_lcd.o
 .debug_abbrev  0x0000000000000000      0x17f build/default/production/my_lcd.o
 .debug_loc     0x0000000000000000      0x485 build/default/production/my_lcd.o
 .debug_aranges
                0x0000000000000000       0x48 build/default/production/my_lcd.o
 .debug_ranges  0x0000000000000000       0x38 build/default/production/my_lcd.o
 .debug_line    0x0000000000000000      0x24f build/default/production/my_lcd.o
 .debug_str     0x0000000000000000       0x19 build/default/production/my_lcd.o
 .comment       0x0000000000000000       0x30 build/default/production/my_lcd.o
 .debug_frame   0x0000000000000000       0x90 build/default/production/my_lcd.o
 .text          0x0000000000000000        0x0 build/default/production/main-code.o
 .data          0x0000000000000000        0x0 build/default/production/main-code.o
 .bss           0x0000000000000000        0x0 build/default/production/main-code.o
 .text          0x0000000000000000        0x0 build/default/production/my_lcd4.o
 .data          0x0000000000000000        0x0 build/default/production/my_lcd4.o
 .bss           0x0000000000000000        0x0 build/default/production/my_lcd4.o
 .text.lcd4_print_str
                0x0000000000000000       0x1e build/default/production/my_lcd4.o
 .text.lcd4_ptint_int
                0x0000000000000000       0x38 build/default/production/my_lcd4.o
 .text          0x0000000000000000        0x0 build/default/production/keypad.o
 .data          0x0000000000000000        0x0 build/default/production/keypad.o
 .bss           0x0000000000000000        0x0 build/default/production/keypad.o
 .text.init_keypad
                0x0000000000000000       0x12 build/default/production/keypad.o
 .text.read_key
                0x0000000000000000      0x20a build/default/production/keypad.o
 .debug_info    0x0000000000000000      0x911 build/default/production/keypad.o
 .debug_abbrev  0x0000000000000000      0x143 build/default/production/keypad.o
 .debug_loc     0x0000000000000000      0x580 build/default/production/keypad.o
 .debug_aranges
                0x0000000000000000       0x28 build/default/production/keypad.o
 .debug_ranges  0x0000000000000000       0x18 build/default/production/keypad.o
 .debug_line    0x0000000000000000      0x2c4 build/default/production/keypad.o
 .debug_str     0x0000000000000000       0x41 build/default/production/keypad.o
 .comment       0x0000000000000000       0x30 build/default/production/keypad.o
 .debug_frame   0x0000000000000000       0x34 build/default/production/keypad.o
 .text          0x0000000000000000        0x0 build/default/production/my_functions.o
 .data          0x0000000000000000        0x0 build/default/production/my_functions.o
 .bss           0x0000000000000000        0x0 build/default/production/my_functions.o
 .text.reverse  0x0000000000000000       0x3a build/default/production/my_functions.o
 .text.itoa     0x0000000000000000       0x80 build/default/production/my_functions.o
 .debug_info    0x0000000000000000      0x2ff build/default/production/my_functions.o
 .debug_abbrev  0x0000000000000000       0xa0 build/default/production/my_functions.o
 .debug_loc     0x0000000000000000      0x169 build/default/production/my_functions.o
 .debug_aranges
                0x0000000000000000       0x28 build/default/production/my_functions.o
 .debug_ranges  0x0000000000000000       0x18 build/default/production/my_functions.o
 .debug_line    0x0000000000000000       0xb2 build/default/production/my_functions.o
 .debug_str     0x0000000000000000        0x0 build/default/production/my_functions.o
 .comment       0x0000000000000000       0x30 build/default/production/my_functions.o
 .debug_frame   0x0000000000000000       0x5c build/default/production/my_functions.o
 .text          0x0000000000000000        0x0 build/default/production/adc.o
 .data          0x0000000000000000        0x0 build/default/production/adc.o
 .bss           0x0000000000000000        0x0 build/default/production/adc.o
 .text.adc_select_channel
                0x0000000000000000       0x26 build/default/production/adc.o
 .text.adc_select_freq
                0x0000000000000000       0x26 build/default/production/adc.o
 .text.adc_select_ref
                0x0000000000000000       0x30 build/default/production/adc.o
 .text.adc_en   0x0000000000000000        0x4 build/default/production/adc.o
 .text.adc_int_en
                0x0000000000000000        0x4 build/default/production/adc.o
 .text.init_adc
                0x0000000000000000       0x28 build/default/production/adc.o
 .text.adc_sc   0x0000000000000000        0x4 build/default/production/adc.o
 .text.adc_get_data
                0x0000000000000000       0x20 build/default/production/adc.o
 .debug_info    0x0000000000000000      0x5a6 build/default/production/adc.o
 .debug_abbrev  0x0000000000000000      0x12d build/default/production/adc.o
 .debug_loc     0x0000000000000000      0x27d build/default/production/adc.o
 .debug_aranges
                0x0000000000000000       0x58 build/default/production/adc.o
 .debug_ranges  0x0000000000000000       0x48 build/default/production/adc.o
 .debug_line    0x0000000000000000      0x1bd build/default/production/adc.o
 .debug_str     0x0000000000000000        0x0 build/default/production/adc.o
 .comment       0x0000000000000000       0x30 build/default/production/adc.o
 .debug_frame   0x0000000000000000       0xa0 build/default/production/adc.o
 .text          0x0000000000000000        0x0 build/default/production/my_interrupt.o
 .data          0x0000000000000000        0x0 build/default/production/my_interrupt.o
 .bss           0x0000000000000000        0x0 build/default/production/my_interrupt.o
 .text.INT0_selectMode
                0x0000000000000000       0x3c build/default/production/my_interrupt.o
 .text.init_INT0
                0x0000000000000000        0xc build/default/production/my_interrupt.o
 .text.INT0_disable
                0x0000000000000000        0x8 build/default/production/my_interrupt.o
 .text.INT1_selectMode
                0x0000000000000000       0x3c build/default/production/my_interrupt.o
 .text.init_INT1
                0x0000000000000000        0xc build/default/production/my_interrupt.o
 .text.INT1_disable
                0x0000000000000000        0x8 build/default/production/my_interrupt.o
 .text.INT2_selectMode
                0x0000000000000000       0x1a build/default/production/my_interrupt.o
 .text.init_INT2
                0x0000000000000000        0xc build/default/production/my_interrupt.o
 .text.INT2_disable
                0x0000000000000000        0x8 build/default/production/my_interrupt.o
 .debug_info    0x0000000000000000      0x3e2 build/default/production/my_interrupt.o
 .debug_abbrev  0x0000000000000000       0x93 build/default/production/my_interrupt.o
 .debug_loc     0x0000000000000000      0x175 build/default/production/my_interrupt.o
 .debug_aranges
                0x0000000000000000       0x60 build/default/production/my_interrupt.o
 .debug_ranges  0x0000000000000000       0x50 build/default/production/my_interrupt.o
 .debug_line    0x0000000000000000      0x1bf build/default/production/my_interrupt.o
 .debug_str     0x0000000000000000       0x12 build/default/production/my_interrupt.o
 .comment       0x0000000000000000       0x30 build/default/production/my_interrupt.o
 .debug_frame   0x0000000000000000       0xa4 build/default/production/my_interrupt.o
 .text          0x0000000000000000        0x0 build/default/production/my_timer.o
 .data          0x0000000000000000        0x0 build/default/production/my_timer.o
 .bss           0x0000000000000000        0x0 build/default/production/my_timer.o
 .text.timer0_clk_select
                0x0000000000000000        0xe build/default/production/my_timer.o
 .text.timer0_TOV_INT_Enable
                0x0000000000000000        0x8 build/default/production/my_timer.o
 .text.timer0_COMP_INT_Enable
                0x0000000000000000        0x8 build/default/production/my_timer.o
 .text.timer0_select_mode
                0x0000000000000000       0x5c build/default/production/my_timer.o
 .text.init_timer0
                0x0000000000000000       0x14 build/default/production/my_timer.o
 .text.OC0_select_mode
                0x0000000000000000       0x16 build/default/production/my_timer.o
 .text.init_OC0
                0x0000000000000000       0x1c build/default/production/my_timer.o
 .text.timer0_select_comp_val
                0x0000000000000000        0x4 build/default/production/my_timer.o
 .text.timer2_select_freq
                0x0000000000000000        0xe build/default/production/my_timer.o
 .text.timer2_select_mode
                0x0000000000000000       0x2a build/default/production/my_timer.o
 .text.init_timer2_syn
                0x0000000000000000       0x14 build/default/production/my_timer.o
 .text.timer2_TOV_int_en
                0x0000000000000000        0x8 build/default/production/my_timer.o
 .text.timer2_COMP_int_en
                0x0000000000000000        0x8 build/default/production/my_timer.o
 .text.init_OC2
                0x0000000000000000       0x10 build/default/production/my_timer.o
 .text.OC2_select_mode
                0x0000000000000000       0x16 build/default/production/my_timer.o
 .text.timer2_select_comp_val
                0x0000000000000000        0x4 build/default/production/my_timer.o
 .text.timer2_select_syn_asyn
                0x0000000000000000       0x3e build/default/production/my_timer.o
 .text.timer1_select_clk
                0x0000000000000000        0xe build/default/production/my_timer.o
 .text.timer1_select_mode
                0x0000000000000000       0xc6 build/default/production/my_timer.o
 .progmem.gcc_sw_table.timer1_select_mode
                0x0000000000000000       0x1e build/default/production/my_timer.o
 .text.init_timer1
                0x0000000000000000       0x14 build/default/production/my_timer.o
 .text.timer1_TOV_int_en
                0x0000000000000000        0x8 build/default/production/my_timer.o
 .text.timer1A_COMP_int_en
                0x0000000000000000        0x8 build/default/production/my_timer.o
 .text.init_OC1A
                0x0000000000000000       0x10 build/default/production/my_timer.o
 .text.timer1_OC1A_selectMode
                0x0000000000000000       0x16 build/default/production/my_timer.o
 .text.timer1B_COMP_int_en
                0x0000000000000000        0x8 build/default/production/my_timer.o
 .text.timer1_OC1B_init
                0x0000000000000000       0x10 build/default/production/my_timer.o
 .text.timer1_OC1B_selectMode
                0x0000000000000000       0x16 build/default/production/my_timer.o
 .text.timer1_ICP_init
                0x0000000000000000       0x12 build/default/production/my_timer.o
 .text.timer1_ICP_int_en
                0x0000000000000000        0x8 build/default/production/my_timer.o
 .text.timer1_ICP_noise_filter
                0x0000000000000000        0x8 build/default/production/my_timer.o
 .text.timer1_ICP_select_Edge
                0x0000000000000000       0x16 build/default/production/my_timer.o
 .text.timer1_ICP_getValue
                0x0000000000000000        0x6 build/default/production/my_timer.o
 .debug_info    0x0000000000000000      0x9cd build/default/production/my_timer.o
 .debug_abbrev  0x0000000000000000      0x171 build/default/production/my_timer.o
 .debug_loc     0x0000000000000000      0x490 build/default/production/my_timer.o
 .debug_aranges
                0x0000000000000000      0x118 build/default/production/my_timer.o
 .debug_ranges  0x0000000000000000      0x108 build/default/production/my_timer.o
 .debug_line    0x0000000000000000      0x567 build/default/production/my_timer.o
 .debug_str     0x0000000000000000       0x11 build/default/production/my_timer.o
 .comment       0x0000000000000000       0x30 build/default/production/my_timer.o
 .debug_frame   0x0000000000000000      0x234 build/default/production/my_timer.o
 .text          0x0000000000000000        0x0 build/default/production/my_usart.o
 .data          0x0000000000000000        0x0 build/default/production/my_usart.o
 .bss           0x0000000000000000        0x0 build/default/production/my_usart.o
 .text.usart_select_mode
                0x0000000000000000        0x2 build/default/production/my_usart.o
 .text.usart_select_baud_rate
                0x0000000000000000       0x32 build/default/production/my_usart.o
 .text.init_usart
                0x0000000000000000       0x28 build/default/production/my_usart.o
 .text.usart_send_data
                0x0000000000000000        0x8 build/default/production/my_usart.o
 .text.usart_receive_data
                0x0000000000000000        0x8 build/default/production/my_usart.o
 .debug_info    0x0000000000000000      0x3b5 build/default/production/my_usart.o
 .debug_abbrev  0x0000000000000000       0xec build/default/production/my_usart.o
 .debug_loc     0x0000000000000000       0x6d build/default/production/my_usart.o
 .debug_aranges
                0x0000000000000000       0x40 build/default/production/my_usart.o
 .debug_ranges  0x0000000000000000       0x30 build/default/production/my_usart.o
 .debug_line    0x0000000000000000      0x112 build/default/production/my_usart.o
 .debug_str     0x0000000000000000       0x16 build/default/production/my_usart.o
 .comment       0x0000000000000000       0x30 build/default/production/my_usart.o
 .debug_frame   0x0000000000000000       0x64 build/default/production/my_usart.o
 .text          0x0000000000000000        0x0 build/default/production/spi.o
 .data          0x0000000000000000        0x0 build/default/production/spi.o
 .bss           0x0000000000000000        0x0 build/default/production/spi.o
 .text.spi_int_en
                0x0000000000000000        0x4 build/default/production/spi.o
 .text.spi_slave_receive_char
                0x0000000000000000        0x8 build/default/production/spi.o
 .text.spi_master_transmit_str
                0x0000000000000000       0x1e build/default/production/spi.o
 .text.spi_transmit_order
                0x0000000000000000       0x12 build/default/production/spi.o
 .text.spi_slave_select
                0x0000000000000000       0x12 build/default/production/spi.o
 .text.spi_dissconnect_slave
                0x0000000000000000       0x12 build/default/production/spi.o
 .text          0x0000000000000000        0x0 build/default/production/my_i2c.o
 .data          0x0000000000000000        0x0 build/default/production/my_i2c.o
 .bss           0x0000000000000000        0x0 build/default/production/my_i2c.o
 .text.init_twi
                0x0000000000000000        0xa build/default/production/my_i2c.o
 .text.twi_master_tans
                0x0000000000000000       0x1a build/default/production/my_i2c.o
 .debug_info    0x0000000000000000      0x2c5 build/default/production/my_i2c.o
 .debug_abbrev  0x0000000000000000       0x8d build/default/production/my_i2c.o
 .debug_loc     0x0000000000000000       0x71 build/default/production/my_i2c.o
 .debug_aranges
                0x0000000000000000       0x28 build/default/production/my_i2c.o
 .debug_ranges  0x0000000000000000       0x18 build/default/production/my_i2c.o
 .debug_line    0x0000000000000000       0xb5 build/default/production/my_i2c.o
 .debug_str     0x0000000000000000        0x0 build/default/production/my_i2c.o
 .comment       0x0000000000000000       0x30 build/default/production/my_i2c.o
 .debug_frame   0x0000000000000000       0x34 build/default/production/my_i2c.o
 .text          0x0000000000000000        0x0 build/default/production/eeprom.o
 .data          0x0000000000000000        0x0 build/default/production/eeprom.o
 .bss           0x0000000000000000        0x0 build/default/production/eeprom.o
 .text.eeprom_write_str
                0x0000000000000000       0x94 build/default/production/eeprom.o
 .text          0x0000000000000000        0xe d:/mplabx/microchip/xc8/avr/bin/../lib/gcc/avr/5.4.0/../../../../avr/lib/avr5\libm.a(addsf3.o)
 .data          0x0000000000000000        0x0 d:/mplabx/microchip/xc8/avr/bin/../lib/gcc/avr/5.4.0/../../../../avr/lib/avr5\libm.a(addsf3.o)
 .bss           0x0000000000000000        0x0 d:/mplabx/microchip/xc8/avr/bin/../lib/gcc/avr/5.4.0/../../../../avr/lib/avr5\libm.a(addsf3.o)
 .stack.descriptors.hdr
                0x0000000000000000        0xe d:/mplabx/microchip/xc8/avr/bin/../lib/gcc/avr/5.4.0/../../../../avr/lib/avr5\libm.a(addsf3.o)
 .stack.descriptors
                0x0000000000000000       0x2c d:/mplabx/microchip/xc8/avr/bin/../lib/gcc/avr/5.4.0/../../../../avr/lib/avr5\libm.a(addsf3.o)
 .note.GNU-stack
                0x0000000000000000        0x0 d:/mplabx/microchip/xc8/avr/bin/../lib/gcc/avr/5.4.0/../../../../avr/lib/avr5\libm.a(addsf3.o)
 .text          0x0000000000000000       0xce d:/mplabx/microchip/xc8/avr/bin/../lib/gcc/avr/5.4.0/../../../../avr/lib/avr5\libm.a(addsf3x.o)
 .data          0x0000000000000000        0x0 d:/mplabx/microchip/xc8/avr/bin/../lib/gcc/avr/5.4.0/../../../../avr/lib/avr5\libm.a(addsf3x.o)
 .bss           0x0000000000000000        0x0 d:/mplabx/microchip/xc8/avr/bin/../lib/gcc/avr/5.4.0/../../../../avr/lib/avr5\libm.a(addsf3x.o)
 .stack.descriptors.hdr
                0x0000000000000000        0xe d:/mplabx/microchip/xc8/avr/bin/../lib/gcc/avr/5.4.0/../../../../avr/lib/avr5\libm.a(addsf3x.o)
 .stack.descriptors
                0x0000000000000000       0x17 d:/mplabx/microchip/xc8/avr/bin/../lib/gcc/avr/5.4.0/../../../../avr/lib/avr5\libm.a(addsf3x.o)
 .note.GNU-stack
                0x0000000000000000        0x0 d:/mplabx/microchip/xc8/avr/bin/../lib/gcc/avr/5.4.0/../../../../avr/lib/avr5\libm.a(addsf3x.o)
 .text          0x0000000000000000        0x8 d:/mplabx/microchip/xc8/avr/bin/../lib/gcc/avr/5.4.0/../../../../avr/lib/avr5\libm.a(divsf3.o)
 .data          0x0000000000000000        0x0 d:/mplabx/microchip/xc8/avr/bin/../lib/gcc/avr/5.4.0/../../../../avr/lib/avr5\libm.a(divsf3.o)
 .bss           0x0000000000000000        0x0 d:/mplabx/microchip/xc8/avr/bin/../lib/gcc/avr/5.4.0/../../../../avr/lib/avr5\libm.a(divsf3.o)
 .stack.descriptors.hdr
                0x0000000000000000        0xe d:/mplabx/microchip/xc8/avr/bin/../lib/gcc/avr/5.4.0/../../../../avr/lib/avr5\libm.a(divsf3.o)
 .stack.descriptors
                0x0000000000000000       0x16 d:/mplabx/microchip/xc8/avr/bin/../lib/gcc/avr/5.4.0/../../../../avr/lib/avr5\libm.a(divsf3.o)
 .note.GNU-stack
                0x0000000000000000        0x0 d:/mplabx/microchip/xc8/avr/bin/../lib/gcc/avr/5.4.0/../../../../avr/lib/avr5\libm.a(divsf3.o)
 .text          0x0000000000000000       0xde d:/mplabx/microchip/xc8/avr/bin/../lib/gcc/avr/5.4.0/../../../../avr/lib/avr5\libm.a(divsf3x.o)
 .data          0x0000000000000000        0x0 d:/mplabx/microchip/xc8/avr/bin/../lib/gcc/avr/5.4.0/../../../../avr/lib/avr5\libm.a(divsf3x.o)
 .bss           0x0000000000000000        0x0 d:/mplabx/microchip/xc8/avr/bin/../lib/gcc/avr/5.4.0/../../../../avr/lib/avr5\libm.a(divsf3x.o)
 .stack.descriptors.hdr
                0x0000000000000000        0xe d:/mplabx/microchip/xc8/avr/bin/../lib/gcc/avr/5.4.0/../../../../avr/lib/avr5\libm.a(divsf3x.o)
 .stack.descriptors
                0x0000000000000000       0x31 d:/mplabx/microchip/xc8/avr/bin/../lib/gcc/avr/5.4.0/../../../../avr/lib/avr5\libm.a(divsf3x.o)
 .note.GNU-stack
                0x0000000000000000        0x0 d:/mplabx/microchip/xc8/avr/bin/../lib/gcc/avr/5.4.0/../../../../avr/lib/avr5\libm.a(divsf3x.o)
 .text          0x0000000000000000        0xe d:/mplabx/microchip/xc8/avr/bin/../lib/gcc/avr/5.4.0/../../../../avr/lib/avr5\libm.a(fixsfsi.o)
 .data          0x0000000000000000        0x0 d:/mplabx/microchip/xc8/avr/bin/../lib/gcc/avr/5.4.0/../../../../avr/lib/avr5\libm.a(fixsfsi.o)
 .bss           0x0000000000000000        0x0 d:/mplabx/microchip/xc8/avr/bin/../lib/gcc/avr/5.4.0/../../../../avr/lib/avr5\libm.a(fixsfsi.o)
 .stack.descriptors.hdr
                0x0000000000000000        0xe d:/mplabx/microchip/xc8/avr/bin/../lib/gcc/avr/5.4.0/../../../../avr/lib/avr5\libm.a(fixsfsi.o)
 .stack.descriptors
                0x0000000000000000       0x17 d:/mplabx/microchip/xc8/avr/bin/../lib/gcc/avr/5.4.0/../../../../avr/lib/avr5\libm.a(fixsfsi.o)
 .note.GNU-stack
                0x0000000000000000        0x0 d:/mplabx/microchip/xc8/avr/bin/../lib/gcc/avr/5.4.0/../../../../avr/lib/avr5\libm.a(fixsfsi.o)
 .text          0x0000000000000000       0x5e d:/mplabx/microchip/xc8/avr/bin/../lib/gcc/avr/5.4.0/../../../../avr/lib/avr5\libm.a(fixunssfsi.o)
 .data          0x0000000000000000        0x0 d:/mplabx/microchip/xc8/avr/bin/../lib/gcc/avr/5.4.0/../../../../avr/lib/avr5\libm.a(fixunssfsi.o)
 .bss           0x0000000000000000        0x0 d:/mplabx/microchip/xc8/avr/bin/../lib/gcc/avr/5.4.0/../../../../avr/lib/avr5\libm.a(fixunssfsi.o)
 .stack.descriptors.hdr
                0x0000000000000000        0xe d:/mplabx/microchip/xc8/avr/bin/../lib/gcc/avr/5.4.0/../../../../avr/lib/avr5\libm.a(fixunssfsi.o)
 .stack.descriptors
                0x0000000000000000       0x1a d:/mplabx/microchip/xc8/avr/bin/../lib/gcc/avr/5.4.0/../../../../avr/lib/avr5\libm.a(fixunssfsi.o)
 .note.GNU-stack
                0x0000000000000000        0x0 d:/mplabx/microchip/xc8/avr/bin/../lib/gcc/avr/5.4.0/../../../../avr/lib/avr5\libm.a(fixunssfsi.o)
 .text          0x0000000000000000       0x7a d:/mplabx/microchip/xc8/avr/bin/../lib/gcc/avr/5.4.0/../../../../avr/lib/avr5\libm.a(floatsisf.o)
 .data          0x0000000000000000        0x0 d:/mplabx/microchip/xc8/avr/bin/../lib/gcc/avr/5.4.0/../../../../avr/lib/avr5\libm.a(floatsisf.o)
 .bss           0x0000000000000000        0x0 d:/mplabx/microchip/xc8/avr/bin/../lib/gcc/avr/5.4.0/../../../../avr/lib/avr5\libm.a(floatsisf.o)
 .stack.descriptors.hdr
                0x0000000000000000        0xe d:/mplabx/microchip/xc8/avr/bin/../lib/gcc/avr/5.4.0/../../../../avr/lib/avr5\libm.a(floatsisf.o)
 .stack.descriptors
                0x0000000000000000       0x34 d:/mplabx/microchip/xc8/avr/bin/../lib/gcc/avr/5.4.0/../../../../avr/lib/avr5\libm.a(floatsisf.o)
 .note.GNU-stack
                0x0000000000000000        0x0 d:/mplabx/microchip/xc8/avr/bin/../lib/gcc/avr/5.4.0/../../../../avr/lib/avr5\libm.a(floatsisf.o)
 .text          0x0000000000000000        0xc d:/mplabx/microchip/xc8/avr/bin/../lib/gcc/avr/5.4.0/../../../../avr/lib/avr5\libm.a(fp_inf.o)
 .data          0x0000000000000000        0x0 d:/mplabx/microchip/xc8/avr/bin/../lib/gcc/avr/5.4.0/../../../../avr/lib/avr5\libm.a(fp_inf.o)
 .bss           0x0000000000000000        0x0 d:/mplabx/microchip/xc8/avr/bin/../lib/gcc/avr/5.4.0/../../../../avr/lib/avr5\libm.a(fp_inf.o)
 .stack.descriptors.hdr
                0x0000000000000000        0xe d:/mplabx/microchip/xc8/avr/bin/../lib/gcc/avr/5.4.0/../../../../avr/lib/avr5\libm.a(fp_inf.o)
 .stack.descriptors
                0x0000000000000000       0x16 d:/mplabx/microchip/xc8/avr/bin/../lib/gcc/avr/5.4.0/../../../../avr/lib/avr5\libm.a(fp_inf.o)
 .note.GNU-stack
                0x0000000000000000        0x0 d:/mplabx/microchip/xc8/avr/bin/../lib/gcc/avr/5.4.0/../../../../avr/lib/avr5\libm.a(fp_inf.o)
 .text          0x0000000000000000        0x6 d:/mplabx/microchip/xc8/avr/bin/../lib/gcc/avr/5.4.0/../../../../avr/lib/avr5\libm.a(fp_nan.o)
 .data          0x0000000000000000        0x0 d:/mplabx/microchip/xc8/avr/bin/../lib/gcc/avr/5.4.0/../../../../avr/lib/avr5\libm.a(fp_nan.o)
 .bss           0x0000000000000000        0x0 d:/mplabx/microchip/xc8/avr/bin/../lib/gcc/avr/5.4.0/../../../../avr/lib/avr5\libm.a(fp_nan.o)
 .stack.descriptors.hdr
                0x0000000000000000        0xe d:/mplabx/microchip/xc8/avr/bin/../lib/gcc/avr/5.4.0/../../../../avr/lib/avr5\libm.a(fp_nan.o)
 .stack.descriptors
                0x0000000000000000       0x16 d:/mplabx/microchip/xc8/avr/bin/../lib/gcc/avr/5.4.0/../../../../avr/lib/avr5\libm.a(fp_nan.o)
 .note.GNU-stack
                0x0000000000000000        0x0 d:/mplabx/microchip/xc8/avr/bin/../lib/gcc/avr/5.4.0/../../../../avr/lib/avr5\libm.a(fp_nan.o)
 .text          0x0000000000000000        0xe d:/mplabx/microchip/xc8/avr/bin/../lib/gcc/avr/5.4.0/../../../../avr/lib/avr5\libm.a(fp_pscA.o)
 .data          0x0000000000000000        0x0 d:/mplabx/microchip/xc8/avr/bin/../lib/gcc/avr/5.4.0/../../../../avr/lib/avr5\libm.a(fp_pscA.o)
 .bss           0x0000000000000000        0x0 d:/mplabx/microchip/xc8/avr/bin/../lib/gcc/avr/5.4.0/../../../../avr/lib/avr5\libm.a(fp_pscA.o)
 .stack.descriptors.hdr
                0x0000000000000000        0xe d:/mplabx/microchip/xc8/avr/bin/../lib/gcc/avr/5.4.0/../../../../avr/lib/avr5\libm.a(fp_pscA.o)
 .stack.descriptors
                0x0000000000000000       0x17 d:/mplabx/microchip/xc8/avr/bin/../lib/gcc/avr/5.4.0/../../../../avr/lib/avr5\libm.a(fp_pscA.o)
 .note.GNU-stack
                0x0000000000000000        0x0 d:/mplabx/microchip/xc8/avr/bin/../lib/gcc/avr/5.4.0/../../../../avr/lib/avr5\libm.a(fp_pscA.o)
 .text          0x0000000000000000        0xe d:/mplabx/microchip/xc8/avr/bin/../lib/gcc/avr/5.4.0/../../../../avr/lib/avr5\libm.a(fp_pscB.o)
 .data          0x0000000000000000        0x0 d:/mplabx/microchip/xc8/avr/bin/../lib/gcc/avr/5.4.0/../../../../avr/lib/avr5\libm.a(fp_pscB.o)
 .bss           0x0000000000000000        0x0 d:/mplabx/microchip/xc8/avr/bin/../lib/gcc/avr/5.4.0/../../../../avr/lib/avr5\libm.a(fp_pscB.o)
 .stack.descriptors.hdr
                0x0000000000000000        0xe d:/mplabx/microchip/xc8/avr/bin/../lib/gcc/avr/5.4.0/../../../../avr/lib/avr5\libm.a(fp_pscB.o)
 .stack.descriptors
                0x0000000000000000       0x17 d:/mplabx/microchip/xc8/avr/bin/../lib/gcc/avr/5.4.0/../../../../avr/lib/avr5\libm.a(fp_pscB.o)
 .note.GNU-stack
                0x0000000000000000        0x0 d:/mplabx/microchip/xc8/avr/bin/../lib/gcc/avr/5.4.0/../../../../avr/lib/avr5\libm.a(fp_pscB.o)
 .text          0x0000000000000000       0x22 d:/mplabx/microchip/xc8/avr/bin/../lib/gcc/avr/5.4.0/../../../../avr/lib/avr5\libm.a(fp_round.o)
 .data          0x0000000000000000        0x0 d:/mplabx/microchip/xc8/avr/bin/../lib/gcc/avr/5.4.0/../../../../avr/lib/avr5\libm.a(fp_round.o)
 .bss           0x0000000000000000        0x0 d:/mplabx/microchip/xc8/avr/bin/../lib/gcc/avr/5.4.0/../../../../avr/lib/avr5\libm.a(fp_round.o)
 .stack.descriptors.hdr
                0x0000000000000000        0xe d:/mplabx/microchip/xc8/avr/bin/../lib/gcc/avr/5.4.0/../../../../avr/lib/avr5\libm.a(fp_round.o)
 .stack.descriptors
                0x0000000000000000       0x18 d:/mplabx/microchip/xc8/avr/bin/../lib/gcc/avr/5.4.0/../../../../avr/lib/avr5\libm.a(fp_round.o)
 .note.GNU-stack
                0x0000000000000000        0x0 d:/mplabx/microchip/xc8/avr/bin/../lib/gcc/avr/5.4.0/../../../../avr/lib/avr5\libm.a(fp_round.o)
 .text          0x0000000000000000       0x44 d:/mplabx/microchip/xc8/avr/bin/../lib/gcc/avr/5.4.0/../../../../avr/lib/avr5\libm.a(fp_split3.o)
 .data          0x0000000000000000        0x0 d:/mplabx/microchip/xc8/avr/bin/../lib/gcc/avr/5.4.0/../../../../avr/lib/avr5\libm.a(fp_split3.o)
 .bss           0x0000000000000000        0x0 d:/mplabx/microchip/xc8/avr/bin/../lib/gcc/avr/5.4.0/../../../../avr/lib/avr5\libm.a(fp_split3.o)
 .stack.descriptors.hdr
                0x0000000000000000        0xe d:/mplabx/microchip/xc8/avr/bin/../lib/gcc/avr/5.4.0/../../../../avr/lib/avr5\libm.a(fp_split3.o)
 .stack.descriptors
                0x0000000000000000       0x32 d:/mplabx/microchip/xc8/avr/bin/../lib/gcc/avr/5.4.0/../../../../avr/lib/avr5\libm.a(fp_split3.o)
 .note.GNU-stack
                0x0000000000000000        0x0 d:/mplabx/microchip/xc8/avr/bin/../lib/gcc/avr/5.4.0/../../../../avr/lib/avr5\libm.a(fp_split3.o)
 .text          0x0000000000000000        0xe d:/mplabx/microchip/xc8/avr/bin/../lib/gcc/avr/5.4.0/../../../../avr/lib/avr5\libm.a(fp_zero.o)
 .data          0x0000000000000000        0x0 d:/mplabx/microchip/xc8/avr/bin/../lib/gcc/avr/5.4.0/../../../../avr/lib/avr5\libm.a(fp_zero.o)
 .bss           0x0000000000000000        0x0 d:/mplabx/microchip/xc8/avr/bin/../lib/gcc/avr/5.4.0/../../../../avr/lib/avr5\libm.a(fp_zero.o)
 .stack.descriptors.hdr
                0x0000000000000000        0xe d:/mplabx/microchip/xc8/avr/bin/../lib/gcc/avr/5.4.0/../../../../avr/lib/avr5\libm.a(fp_zero.o)
 .stack.descriptors
                0x0000000000000000       0x2f d:/mplabx/microchip/xc8/avr/bin/../lib/gcc/avr/5.4.0/../../../../avr/lib/avr5\libm.a(fp_zero.o)
 .note.GNU-stack
                0x0000000000000000        0x0 d:/mplabx/microchip/xc8/avr/bin/../lib/gcc/avr/5.4.0/../../../../avr/lib/avr5\libm.a(fp_zero.o)
 .text          0x0000000000000000        0x8 d:/mplabx/microchip/xc8/avr/bin/../lib/gcc/avr/5.4.0/../../../../avr/lib/avr5\libm.a(mulsf3.o)
 .data          0x0000000000000000        0x0 d:/mplabx/microchip/xc8/avr/bin/../lib/gcc/avr/5.4.0/../../../../avr/lib/avr5\libm.a(mulsf3.o)
 .bss           0x0000000000000000        0x0 d:/mplabx/microchip/xc8/avr/bin/../lib/gcc/avr/5.4.0/../../../../avr/lib/avr5\libm.a(mulsf3.o)
 .stack.descriptors.hdr
                0x0000000000000000        0xe d:/mplabx/microchip/xc8/avr/bin/../lib/gcc/avr/5.4.0/../../../../avr/lib/avr5\libm.a(mulsf3.o)
 .stack.descriptors
                0x0000000000000000       0x16 d:/mplabx/microchip/xc8/avr/bin/../lib/gcc/avr/5.4.0/../../../../avr/lib/avr5\libm.a(mulsf3.o)
 .note.GNU-stack
                0x0000000000000000        0x0 d:/mplabx/microchip/xc8/avr/bin/../lib/gcc/avr/5.4.0/../../../../avr/lib/avr5\libm.a(mulsf3.o)
 .text          0x0000000000000000       0xd4 d:/mplabx/microchip/xc8/avr/bin/../lib/gcc/avr/5.4.0/../../../../avr/lib/avr5\libm.a(mulsf3x.o)
 .data          0x0000000000000000        0x0 d:/mplabx/microchip/xc8/avr/bin/../lib/gcc/avr/5.4.0/../../../../avr/lib/avr5\libm.a(mulsf3x.o)
 .bss           0x0000000000000000        0x0 d:/mplabx/microchip/xc8/avr/bin/../lib/gcc/avr/5.4.0/../../../../avr/lib/avr5\libm.a(mulsf3x.o)
 .stack.descriptors.hdr
                0x0000000000000000        0xe d:/mplabx/microchip/xc8/avr/bin/../lib/gcc/avr/5.4.0/../../../../avr/lib/avr5\libm.a(mulsf3x.o)
 .stack.descriptors
                0x0000000000000000       0x31 d:/mplabx/microchip/xc8/avr/bin/../lib/gcc/avr/5.4.0/../../../../avr/lib/avr5\libm.a(mulsf3x.o)
 .note.GNU-stack
                0x0000000000000000        0x0 d:/mplabx/microchip/xc8/avr/bin/../lib/gcc/avr/5.4.0/../../../../avr/lib/avr5\libm.a(mulsf3x.o)
 .text          0x0000000000000000        0x0 d:/mplabx/microchip/xc8/avr/bin/../lib/gcc/avr/5.4.0/avr5\libgcc.a(_divmodhi4.o)
 .data          0x0000000000000000        0x0 d:/mplabx/microchip/xc8/avr/bin/../lib/gcc/avr/5.4.0/avr5\libgcc.a(_divmodhi4.o)
 .bss           0x0000000000000000        0x0 d:/mplabx/microchip/xc8/avr/bin/../lib/gcc/avr/5.4.0/avr5\libgcc.a(_divmodhi4.o)
 .text.libgcc.mul
                0x0000000000000000        0x0 d:/mplabx/microchip/xc8/avr/bin/../lib/gcc/avr/5.4.0/avr5\libgcc.a(_divmodhi4.o)
 .text.libgcc.div
                0x0000000000000000       0x28 d:/mplabx/microchip/xc8/avr/bin/../lib/gcc/avr/5.4.0/avr5\libgcc.a(_divmodhi4.o)
 .stack.descriptors.hdr
                0x0000000000000000        0xe d:/mplabx/microchip/xc8/avr/bin/../lib/gcc/avr/5.4.0/avr5\libgcc.a(_divmodhi4.o)
 .stack.descriptors
                0x0000000000000000       0x19 d:/mplabx/microchip/xc8/avr/bin/../lib/gcc/avr/5.4.0/avr5\libgcc.a(_divmodhi4.o)
 .text.libgcc   0x0000000000000000        0x0 d:/mplabx/microchip/xc8/avr/bin/../lib/gcc/avr/5.4.0/avr5\libgcc.a(_divmodhi4.o)
 .text.libgcc.prologue
                0x0000000000000000        0x0 d:/mplabx/microchip/xc8/avr/bin/../lib/gcc/avr/5.4.0/avr5\libgcc.a(_divmodhi4.o)
 .text.libgcc.builtins
                0x0000000000000000        0x0 d:/mplabx/microchip/xc8/avr/bin/../lib/gcc/avr/5.4.0/avr5\libgcc.a(_divmodhi4.o)
 .text.libgcc.fmul
                0x0000000000000000        0x0 d:/mplabx/microchip/xc8/avr/bin/../lib/gcc/avr/5.4.0/avr5\libgcc.a(_divmodhi4.o)
 .text.libgcc.fixed
                0x0000000000000000        0x0 d:/mplabx/microchip/xc8/avr/bin/../lib/gcc/avr/5.4.0/avr5\libgcc.a(_divmodhi4.o)
 .text          0x0000000000000000        0x0 d:/mplabx/microchip/xc8/avr/bin/../lib/gcc/avr/5.4.0/avr5\libgcc.a(_tablejump2.o)
 .data          0x0000000000000000        0x0 d:/mplabx/microchip/xc8/avr/bin/../lib/gcc/avr/5.4.0/avr5\libgcc.a(_tablejump2.o)
 .bss           0x0000000000000000        0x0 d:/mplabx/microchip/xc8/avr/bin/../lib/gcc/avr/5.4.0/avr5\libgcc.a(_tablejump2.o)
 .text.libgcc.mul
                0x0000000000000000        0x0 d:/mplabx/microchip/xc8/avr/bin/../lib/gcc/avr/5.4.0/avr5\libgcc.a(_tablejump2.o)
 .text.libgcc.div
                0x0000000000000000        0x0 d:/mplabx/microchip/xc8/avr/bin/../lib/gcc/avr/5.4.0/avr5\libgcc.a(_tablejump2.o)
 .text.libgcc   0x0000000000000000        0xc d:/mplabx/microchip/xc8/avr/bin/../lib/gcc/avr/5.4.0/avr5\libgcc.a(_tablejump2.o)
 .text.libgcc.prologue
                0x0000000000000000        0x0 d:/mplabx/microchip/xc8/avr/bin/../lib/gcc/avr/5.4.0/avr5\libgcc.a(_tablejump2.o)
 .stack.descriptors.hdr
                0x0000000000000000        0xe d:/mplabx/microchip/xc8/avr/bin/../lib/gcc/avr/5.4.0/avr5\libgcc.a(_tablejump2.o)
 .stack.descriptors
                0x0000000000000000       0x1c d:/mplabx/microchip/xc8/avr/bin/../lib/gcc/avr/5.4.0/avr5\libgcc.a(_tablejump2.o)
 .text.libgcc.builtins
                0x0000000000000000        0x0 d:/mplabx/microchip/xc8/avr/bin/../lib/gcc/avr/5.4.0/avr5\libgcc.a(_tablejump2.o)
 .text.libgcc.fmul
                0x0000000000000000        0x0 d:/mplabx/microchip/xc8/avr/bin/../lib/gcc/avr/5.4.0/avr5\libgcc.a(_tablejump2.o)
 .text.libgcc.fixed
                0x0000000000000000        0x0 d:/mplabx/microchip/xc8/avr/bin/../lib/gcc/avr/5.4.0/avr5\libgcc.a(_tablejump2.o)
 .text          0x0000000000000000        0x0 d:/mplabx/microchip/xc8/avr/bin/../lib/gcc/avr/5.4.0/avr5\libgcc.a(_udivmodhi4.o)
 .data          0x0000000000000000        0x0 d:/mplabx/microchip/xc8/avr/bin/../lib/gcc/avr/5.4.0/avr5\libgcc.a(_udivmodhi4.o)
 .bss           0x0000000000000000        0x0 d:/mplabx/microchip/xc8/avr/bin/../lib/gcc/avr/5.4.0/avr5\libgcc.a(_udivmodhi4.o)
 .text.libgcc.mul
                0x0000000000000000        0x0 d:/mplabx/microchip/xc8/avr/bin/../lib/gcc/avr/5.4.0/avr5\libgcc.a(_udivmodhi4.o)
 .text.libgcc.div
                0x0000000000000000       0x28 d:/mplabx/microchip/xc8/avr/bin/../lib/gcc/avr/5.4.0/avr5\libgcc.a(_udivmodhi4.o)
 .stack.descriptors.hdr
                0x0000000000000000        0xe d:/mplabx/microchip/xc8/avr/bin/../lib/gcc/avr/5.4.0/avr5\libgcc.a(_udivmodhi4.o)
 .stack.descriptors
                0x0000000000000000       0x1a d:/mplabx/microchip/xc8/avr/bin/../lib/gcc/avr/5.4.0/avr5\libgcc.a(_udivmodhi4.o)
 .text.libgcc   0x0000000000000000        0x0 d:/mplabx/microchip/xc8/avr/bin/../lib/gcc/avr/5.4.0/avr5\libgcc.a(_udivmodhi4.o)
 .text.libgcc.prologue
                0x0000000000000000        0x0 d:/mplabx/microchip/xc8/avr/bin/../lib/gcc/avr/5.4.0/avr5\libgcc.a(_udivmodhi4.o)
 .text.libgcc.builtins
                0x0000000000000000        0x0 d:/mplabx/microchip/xc8/avr/bin/../lib/gcc/avr/5.4.0/avr5\libgcc.a(_udivmodhi4.o)
 .text.libgcc.fmul
                0x0000000000000000        0x0 d:/mplabx/microchip/xc8/avr/bin/../lib/gcc/avr/5.4.0/avr5\libgcc.a(_udivmodhi4.o)
 .text.libgcc.fixed
                0x0000000000000000        0x0 d:/mplabx/microchip/xc8/avr/bin/../lib/gcc/avr/5.4.0/avr5\libgcc.a(_udivmodhi4.o)
 .text          0x0000000000000000        0x0 d:/mplabx/microchip/xc8/avr/bin/../lib/gcc/avr/5.4.0/../../../../avr/lib/avr5\libc.a(exit.o)
 .data          0x0000000000000000        0x0 d:/mplabx/microchip/xc8/avr/bin/../lib/gcc/avr/5.4.0/../../../../avr/lib/avr5\libc.a(exit.o)
 .bss           0x0000000000000000        0x0 d:/mplabx/microchip/xc8/avr/bin/../lib/gcc/avr/5.4.0/../../../../avr/lib/avr5\libc.a(exit.o)
 .stack.descriptors
                0x0000000000000000       0x73 d:/mplabx/microchip/xc8/avr/bin/../lib/gcc/avr/5.4.0/../../../../avr/lib/avr5\libc.a(exit.o)
 .text          0x0000000000000000        0x0 d:/mplabx/microchip/xc8/avr/bin/../lib/gcc/avr/5.4.0/../../../../avr/lib/avr5\libc.a(_Exit.o)
 .data          0x0000000000000000        0x0 d:/mplabx/microchip/xc8/avr/bin/../lib/gcc/avr/5.4.0/../../../../avr/lib/avr5\libc.a(_Exit.o)
 .bss           0x0000000000000000        0x0 d:/mplabx/microchip/xc8/avr/bin/../lib/gcc/avr/5.4.0/../../../../avr/lib/avr5\libc.a(_Exit.o)
 .stack.descriptors
                0x0000000000000000       0x13 d:/mplabx/microchip/xc8/avr/bin/../lib/gcc/avr/5.4.0/../../../../avr/lib/avr5\libc.a(_Exit.o)
 .text          0x0000000000000000        0x0 d:/mplabx/microchip/xc8/avr/bin/../lib/gcc/avr/5.4.0/avr5\libgcc.a(_exit.o)
 .data          0x0000000000000000        0x0 d:/mplabx/microchip/xc8/avr/bin/../lib/gcc/avr/5.4.0/avr5\libgcc.a(_exit.o)
 .bss           0x0000000000000000        0x0 d:/mplabx/microchip/xc8/avr/bin/../lib/gcc/avr/5.4.0/avr5\libgcc.a(_exit.o)
 .text.libgcc.mul
                0x0000000000000000        0x0 d:/mplabx/microchip/xc8/avr/bin/../lib/gcc/avr/5.4.0/avr5\libgcc.a(_exit.o)
 .text.libgcc.div
                0x0000000000000000        0x0 d:/mplabx/microchip/xc8/avr/bin/../lib/gcc/avr/5.4.0/avr5\libgcc.a(_exit.o)
 .text.libgcc   0x0000000000000000        0x0 d:/mplabx/microchip/xc8/avr/bin/../lib/gcc/avr/5.4.0/avr5\libgcc.a(_exit.o)
 .text.libgcc.prologue
                0x0000000000000000        0x0 d:/mplabx/microchip/xc8/avr/bin/../lib/gcc/avr/5.4.0/avr5\libgcc.a(_exit.o)
 .stack.descriptors
                0x0000000000000000       0x13 d:/mplabx/microchip/xc8/avr/bin/../lib/gcc/avr/5.4.0/avr5\libgcc.a(_exit.o)
 .text.libgcc.builtins
                0x0000000000000000        0x0 d:/mplabx/microchip/xc8/avr/bin/../lib/gcc/avr/5.4.0/avr5\libgcc.a(_exit.o)
 .text.libgcc.fmul
                0x0000000000000000        0x0 d:/mplabx/microchip/xc8/avr/bin/../lib/gcc/avr/5.4.0/avr5\libgcc.a(_exit.o)
 .text.libgcc.fixed
                0x0000000000000000        0x0 d:/mplabx/microchip/xc8/avr/bin/../lib/gcc/avr/5.4.0/avr5\libgcc.a(_exit.o)

Memory Configuration

Name             Origin             Length             Attributes
text             0x0000000000000000 0x0000000000008000 xr
data             0x0000000000800060 0x0000000000000800 rw !x
eeprom           0x0000000000810000 0x0000000000000400 rw !x
fuse             0x0000000000820000 0x0000000000000002 rw !x
lock             0x0000000000830000 0x0000000000000400 rw !x
signature        0x0000000000840000 0x0000000000000400 rw !x
user_signatures  0x0000000000850000 0x0000000000000400 rw !x
bootrow          0x0000000000860000 0x0000000000000400 rw !x
*default*        0x0000000000000000 0xffffffffffffffff

Linker script and memory map

LOAD D:/mplabx/packs/Microchip/ATmega_DFP/3.1.264/xc8/avr/lib/avr5/crtatmega32a.o
                0x0000000000000001                __MPLAB_BUILD = 0x1
LOAD build/default/production/DIO.o
LOAD build/default/production/leds.o
LOAD build/default/production/buttons.o
LOAD build/default/production/my_lcd.o
LOAD build/default/production/main-code.o
LOAD build/default/production/my_lcd4.o
LOAD build/default/production/keypad.o
LOAD build/default/production/my_functions.o
LOAD build/default/production/adc.o
LOAD build/default/production/my_interrupt.o
LOAD build/default/production/my_timer.o
LOAD build/default/production/my_usart.o
LOAD build/default/production/spi.o
LOAD build/default/production/my_i2c.o
LOAD build/default/production/eeprom.o
START GROUP
LOAD d:/mplabx/microchip/xc8/avr/bin/../lib/gcc/avr/5.4.0/../../../../avr/lib/avr5\libm.a
END GROUP
START GROUP
LOAD d:/mplabx/microchip/xc8/avr/bin/../lib/gcc/avr/5.4.0/avr5\libgcc.a
LOAD d:/mplabx/microchip/xc8/avr/bin/../lib/gcc/avr/5.4.0/../../../../avr/lib/avr5\libm.a
LOAD d:/mplabx/microchip/xc8/avr/bin/../lib/gcc/avr/5.4.0/../../../../avr/lib/avr5\libc.a
LOAD D:/mplabx/packs/Microchip/ATmega_DFP/3.1.264/xc8/avr/lib/avr5\libatmega32a.a
END GROUP
                [0x0000000000000000]                __TEXT_REGION_ORIGIN__ = DEFINED (__TEXT_REGION_ORIGIN__)?__TEXT_REGION_ORIGIN__:0x0
                [0x0000000000800060]                __DATA_REGION_ORIGIN__ = DEFINED (__DATA_REGION_ORIGIN__)?__DATA_REGION_ORIGIN__:0x800060
                [0x0000000000008000]                __TEXT_REGION_LENGTH__ = DEFINED (__TEXT_REGION_LENGTH__)?__TEXT_REGION_LENGTH__:0x20000
                [0x0000000000000800]                __DATA_REGION_LENGTH__ = DEFINED (__DATA_REGION_LENGTH__)?__DATA_REGION_LENGTH__:0xffa0
                [0x0000000000000400]                __EEPROM_REGION_LENGTH__ = DEFINED (__EEPROM_REGION_LENGTH__)?__EEPROM_REGION_LENGTH__:0x10000
                [0x0000000000000002]                __FUSE_REGION_LENGTH__ = DEFINED (__FUSE_REGION_LENGTH__)?__FUSE_REGION_LENGTH__:0x400
                0x0000000000000400                __LOCK_REGION_LENGTH__ = DEFINED (__LOCK_REGION_LENGTH__)?__LOCK_REGION_LENGTH__:0x400
                0x0000000000000400                __SIGNATURE_REGION_LENGTH__ = DEFINED (__SIGNATURE_REGION_LENGTH__)?__SIGNATURE_REGION_LENGTH__:0x400
                0x0000000000000400                __USER_SIGNATURE_REGION_LENGTH__ = DEFINED (__USER_SIGNATURE_REGION_LENGTH__)?__USER_SIGNATURE_REGION_LENGTH__:0x400
                0x0000000000000400                __BOOTROW_REGION_LENGTH__ = DEFINED (__BOOTROW_REGION_LENGTH__)?__BOOTROW_REGION_LENGTH__:0x400

.hash
 *(.hash)

.dynsym
 *(.dynsym)

.dynstr
 *(.dynstr)

.gnu.version
 *(.gnu.version)

.gnu.version_d
 *(.gnu.version_d)

.gnu.version_r
 *(.gnu.version_r)

.rel.init
 *(.rel.init)

.rela.init
 *(.rela.init)

.rel.text
 *(.rel.text)
 *(.rel.text.*)
 *(.rel.gnu.linkonce.t*)

.rela.text
 *(.rela.text)
 *(.rela.text.*)
 *(.rela.gnu.linkonce.t*)

.rel.fini
 *(.rel.fini)

.rela.fini
 *(.rela.fini)

.rel.rodata
 *(.rel.rodata)
 *(.rel.rodata.*)
 *(.rel.gnu.linkonce.r*)

.rela.rodata
 *(.rela.rodata)
 *(.rela.rodata.*)
 *(.rela.gnu.linkonce.r*)

.rel.data
 *(.rel.data)
 *(.rel.data.*)
 *(.rel.gnu.linkonce.d*)

.rela.data
 *(.rela.data)
 *(.rela.data.*)
 *(.rela.gnu.linkonce.d*)

.rel.ctors
 *(.rel.ctors)

.rela.ctors
 *(.rela.ctors)

.rel.dtors
 *(.rel.dtors)

.rela.dtors
 *(.rela.dtors)

.rel.got
 *(.rel.got)

.rela.got
 *(.rela.got)

.rel.bss
 *(.rel.bss)

.rela.bss
 *(.rela.bss)

.rel.plt
 *(.rel.plt)

.rela.plt
 *(.rela.plt)

.text           0x0000000000000000       0x6c
 *(.vectors)
 .vectors       0x0000000000000000       0x54 D:/mplabx/packs/Microchip/ATmega_DFP/3.1.264/xc8/avr/lib/avr5/crtatmega32a.o
                0x0000000000000000                __vector_default
                0x0000000000000000                __vectors
 *(.vectors)
 *(.progmem.gcc*)
 *(.dinit)
 .dinit         0x0000000000000054        0x0 data_init
                0x0000000000000054                . = ALIGN (0x2)
                0x0000000000000054                __trampolines_start = .
 *(.trampolines)
 .trampolines   0x0000000000000054        0x0 linker stubs
 *(.trampolines*)
                0x0000000000000054                __trampolines_end = .
 *libprintf_flt.a:*(.progmem.data)
 *libc.a:*(.progmem.data)
                0x0000000000000054                . = ALIGN (0x2)
 *(.jumptables)
 *(.jumptables*)
 *(.lowtext)
 *(.lowtext*)
                0x0000000000000054                __ctors_start = .
 *(.ctors)
                0x0000000000000054                __ctors_end = .
                0x0000000000000054                __dtors_start = .
 *(.dtors)
                0x0000000000000054                __dtors_end = .
 SORT(*)(.ctors)
 SORT(*)(.dtors)
 *(.init0)
 .init0         0x0000000000000054        0x0 D:/mplabx/packs/Microchip/ATmega_DFP/3.1.264/xc8/avr/lib/avr5/crtatmega32a.o
                0x0000000000000054                __init
 *(.init0)
 *(.init1)
 *(.init1)
 *(.init2)
 .init2         0x0000000000000054        0xc D:/mplabx/packs/Microchip/ATmega_DFP/3.1.264/xc8/avr/lib/avr5/crtatmega32a.o
 *(.init2)
 *(.init3)
 *(.init3)
 *(.init4)
 *(.init4)
 *(.init5)
 *(.init5)
 *(.init6)
 *(.init6)
 *(.init7)
 *(.init7)
 *(.init8)
 *(.init8)
 *(.init9)
 .init9         0x0000000000000060        0x8 D:/mplabx/packs/Microchip/ATmega_DFP/3.1.264/xc8/avr/lib/avr5/crtatmega32a.o
 *(.init9)
                0x0000000000000068                . = ALIGN (0x2)
 *(.fini9)
 .fini9         0x0000000000000068        0x0 d:/mplabx/microchip/xc8/avr/bin/../lib/gcc/avr/5.4.0/avr5\libgcc.a(_exit.o)
                0x0000000000000068                _exit
 *(.fini9)
 *(.fini8)
 *(.fini8)
 *(.fini7)
 *(.fini7)
 *(.fini6)
 *(.fini6)
 *(.fini5)
 *(.fini5)
 *(.fini4)
 *(.fini4)
 *(.fini3)
 *(.fini3)
 *(.fini2)
 *(.fini2)
 *(.fini1)
 *(.fini1)
 *(.fini0)
 .fini0         0x0000000000000068        0x4 d:/mplabx/microchip/xc8/avr/bin/../lib/gcc/avr/5.4.0/avr5\libgcc.a(_exit.o)
 *(.fini0)
                0x000000000000006c                _etext = .

.data           0x0000000000800060        0x0 load address 0x000000000000006c
                [!provide]                        PROVIDE (__data_start, .)
 *(.gnu.linkonce.d*)
 *(.gnu.linkonce.r*)
                0x0000000000800060                . = ALIGN (0x2)
                0x0000000000800060                _edata = .
                [!provide]                        PROVIDE (__data_end, .)

.bss            0x0000000000800060        0x0
                [!provide]                        PROVIDE (__bss_start, .)
 *(COMMON)
                [!provide]                        PROVIDE (__bss_end, .)
                0x000000000000006c                __data_load_start = LOADADDR (.data)
                0x000000000000006c                __data_load_end = (__data_load_start + SIZEOF (.data))

.noinit         0x0000000000800060        0x0
                [!provide]                        PROVIDE (__noinit_start, .)
 *(.noinit*)
                [!provide]                        PROVIDE (__noinit_end, .)
                0x0000000000800060                _end = .

.eeprom         0x0000000000810000        0x0
 *(.eeprom*)
                0x0000000000810000                __eeprom_end = .

.fuse
 *(.fuse)
 *(.lfuse)
 *(.hfuse)
 *(.efuse)

.lock
 *(.lock*)

.signature
 *(.signature*)

.user_signatures
 *(.user_signatures*)

.bootrow
 *(.bootrow*)

.stab
 *(.stab)

.stabstr
 *(.stabstr)

.stab.excl
 *(.stab.excl)

.stab.exclstr
 *(.stab.exclstr)

.stab.index
 *(.stab.index)

.stab.indexstr
 *(.stab.indexstr)

.comment        0x0000000000000000       0x5b
 *(.comment)
 .comment       0x0000000000000000       0x2f build/default/production/DIO.o
                                         0x30 (size before relaxing)
 .comment       0x000000000000002f       0x30 build/default/production/buttons.o
 .comment       0x000000000000002f       0x30 build/default/production/main-code.o
 .comment       0x000000000000002f       0x30 build/default/production/my_lcd4.o
 .comment       0x000000000000002f       0x30 build/default/production/spi.o
 .comment       0x000000000000002f       0x30 build/default/production/eeprom.o
 .comment       0x000000000000002f       0x2c d:/mplabx/microchip/xc8/avr/bin/../lib/gcc/avr/5.4.0/../../../../avr/lib/avr5\libc.a(exit.o)
                                         0x2d (size before relaxing)
 .comment       0x000000000000005b       0x2d d:/mplabx/microchip/xc8/avr/bin/../lib/gcc/avr/5.4.0/../../../../avr/lib/avr5\libc.a(_Exit.o)

.stack.descriptors.hdr
                0x0000000000000000       0x2a
 .stack.descriptors.hdr
                0x0000000000000000        0xe d:/mplabx/microchip/xc8/avr/bin/../lib/gcc/avr/5.4.0/../../../../avr/lib/avr5\libc.a(exit.o)
 .stack.descriptors.hdr
                0x000000000000000e        0xe d:/mplabx/microchip/xc8/avr/bin/../lib/gcc/avr/5.4.0/../../../../avr/lib/avr5\libc.a(_Exit.o)
 .stack.descriptors.hdr
                0x000000000000001c        0xe d:/mplabx/microchip/xc8/avr/bin/../lib/gcc/avr/5.4.0/avr5\libgcc.a(_exit.o)

.note.GNU-stack
                0x0000000000000000        0x0
 .note.GNU-stack
                0x0000000000000000        0x0 d:/mplabx/microchip/xc8/avr/bin/../lib/gcc/avr/5.4.0/../../../../avr/lib/avr5\libc.a(exit.o)
 .note.GNU-stack
                0x0000000000000000        0x0 d:/mplabx/microchip/xc8/avr/bin/../lib/gcc/avr/5.4.0/../../../../avr/lib/avr5\libc.a(_Exit.o)

.note.gnu.build-id
 *(.note.gnu.build-id)

.debug
 *(.debug)

.line
 *(.line)

.debug_srcinfo
 *(.debug_srcinfo)

.debug_sfnames
 *(.debug_sfnames)

.debug_aranges  0x0000000000000000      0x198
 *(.debug_aranges)
 .debug_aranges
                0x0000000000000000       0x68 build/default/production/DIO.o
 .debug_aranges
                0x0000000000000068       0x28 build/default/production/buttons.o
 .debug_aranges
                0x0000000000000090       0x20 build/default/production/main-code.o
 .debug_aranges
                0x00000000000000b0       0x50 build/default/production/my_lcd4.o
 .debug_aranges
                0x0000000000000100       0x68 build/default/production/spi.o
 .debug_aranges
                0x0000000000000168       0x30 build/default/production/eeprom.o

.debug_pubnames
 *(.debug_pubnames)

.debug_info     0x0000000000000000     0x2607
 *(.debug_info .gnu.linkonce.wi.*)
 .debug_info    0x0000000000000000      0x4e6 D:/mplabx/packs/Microchip/ATmega_DFP/3.1.264/xc8/avr/lib/avr5/crtatmega32a.o
 .debug_info    0x00000000000004e6      0x4bd build/default/production/DIO.o
 .debug_info    0x00000000000009a3      0x35e build/default/production/buttons.o
 .debug_info    0x0000000000000d01      0x4e8 build/default/production/main-code.o
 .debug_info    0x00000000000011e9      0x742 build/default/production/my_lcd4.o
 .debug_info    0x000000000000192b      0x575 build/default/production/spi.o
 .debug_info    0x0000000000001ea0      0x767 build/default/production/eeprom.o

.debug_abbrev   0x0000000000000000      0xb35
 *(.debug_abbrev)
 .debug_abbrev  0x0000000000000000      0x4a3 D:/mplabx/packs/Microchip/ATmega_DFP/3.1.264/xc8/avr/lib/avr5/crtatmega32a.o
 .debug_abbrev  0x00000000000004a3       0xe1 build/default/production/DIO.o
 .debug_abbrev  0x0000000000000584       0x9a build/default/production/buttons.o
 .debug_abbrev  0x000000000000061e       0xf8 build/default/production/main-code.o
 .debug_abbrev  0x0000000000000716      0x17f build/default/production/my_lcd4.o
 .debug_abbrev  0x0000000000000895      0x140 build/default/production/spi.o
 .debug_abbrev  0x00000000000009d5      0x160 build/default/production/eeprom.o

.debug_line     0x0000000000000000      0xcdf
 *(.debug_line .debug_line.* .debug_line_end)
 .debug_line    0x0000000000000000      0x116 D:/mplabx/packs/Microchip/ATmega_DFP/3.1.264/xc8/avr/lib/avr5/crtatmega32a.o
 .debug_line    0x0000000000000116      0x3ca build/default/production/DIO.o
 .debug_line    0x00000000000004e0       0x84 build/default/production/buttons.o
 .debug_line    0x0000000000000564      0x160 build/default/production/main-code.o
 .debug_line    0x00000000000006c4      0x23f build/default/production/my_lcd4.o
 .debug_line    0x0000000000000903      0x21a build/default/production/spi.o
 .debug_line    0x0000000000000b1d      0x1c2 build/default/production/eeprom.o

.debug_frame    0x0000000000000000      0x2e4
 *(.debug_frame)
 .debug_frame   0x0000000000000000       0xb4 build/default/production/DIO.o
 .debug_frame   0x00000000000000b4       0x34 build/default/production/buttons.o
 .debug_frame   0x00000000000000e8       0x24 build/default/production/main-code.o
 .debug_frame   0x000000000000010c       0xb0 build/default/production/my_lcd4.o
 .debug_frame   0x00000000000001bc       0xc0 build/default/production/spi.o
 .debug_frame   0x000000000000027c       0x68 build/default/production/eeprom.o

.debug_str      0x0000000000000000      0x2b8
 *(.debug_str)
 .debug_str     0x0000000000000000      0x196 D:/mplabx/packs/Microchip/ATmega_DFP/3.1.264/xc8/avr/lib/avr5/crtatmega32a.o
 .debug_str     0x0000000000000196       0x13 build/default/production/DIO.o
 .debug_str     0x00000000000001a9       0x15 build/default/production/buttons.o
 .debug_str     0x00000000000001be       0x83 build/default/production/main-code.o
 .debug_str     0x0000000000000241       0x1d build/default/production/my_lcd4.o
 .debug_str     0x000000000000025e       0x21 build/default/production/spi.o
 .debug_str     0x000000000000027f       0x39 build/default/production/eeprom.o

.debug_loc      0x0000000000000000      0xd55
 *(.debug_loc)
 .debug_loc     0x0000000000000000      0x470 build/default/production/DIO.o
 .debug_loc     0x0000000000000470       0x80 build/default/production/buttons.o
 .debug_loc     0x00000000000004f0       0xf0 build/default/production/main-code.o
 .debug_loc     0x00000000000005e0      0x32f build/default/production/my_lcd4.o
 .debug_loc     0x000000000000090f      0x1ce build/default/production/spi.o
 .debug_loc     0x0000000000000add      0x278 build/default/production/eeprom.o

.debug_macinfo
 *(.debug_macinfo)

.debug_weaknames
 *(.debug_weaknames)

.debug_funcnames
 *(.debug_funcnames)

.debug_typenames
 *(.debug_typenames)

.debug_varnames
 *(.debug_varnames)

.debug_pubtypes
 *(.debug_pubtypes)

.debug_ranges   0x0000000000000000      0x138
 *(.debug_ranges)
 .debug_ranges  0x0000000000000000       0x58 build/default/production/DIO.o
 .debug_ranges  0x0000000000000058       0x18 build/default/production/buttons.o
 .debug_ranges  0x0000000000000070       0x10 build/default/production/main-code.o
 .debug_ranges  0x0000000000000080       0x40 build/default/production/my_lcd4.o
 .debug_ranges  0x00000000000000c0       0x58 build/default/production/spi.o
 .debug_ranges  0x0000000000000118       0x20 build/default/production/eeprom.o

.debug_macro
 *(.debug_macro)
OUTPUT(dist/default/production/atmega32a_driver.X.production.elf elf32-avr)
LOAD linker stubs
LOAD data_init

.note.gnu.avr.deviceinfo
                0x0000000000000000       0x3c
 .note.gnu.avr.deviceinfo
                0x0000000000000000       0x3c D:/mplabx/packs/Microchip/ATmega_DFP/3.1.264/xc8/avr/lib/avr5/crtatmega32a.o

.text.set_pin_dir
                0x000000000000006c       0xf2
 .text.set_pin_dir
                0x000000000000006c       0xf2 build/default/production/DIO.o
                0x000000000000006c                set_pin_dir

.text.set_pin   0x000000000000015e       0xf2
 .text.set_pin  0x000000000000015e       0xf2 build/default/production/DIO.o
                0x000000000000015e                set_pin

.text.main      0x0000000000000250       0xa2
 .text.main     0x0000000000000250       0xa2 build/default/production/main-code.o
                0x0000000000000250                main

.text.eeprom_write_char
                0x00000000000002f2       0x84
 .text.eeprom_write_char
                0x00000000000002f2       0x84 build/default/production/eeprom.o
                0x00000000000002f2                eeprom_write_char

.text.read_pin  0x0000000000000376       0x6a
 .text.read_pin
                0x0000000000000376       0x6a build/default/production/DIO.o
                0x0000000000000376                read_pin

.text.init_lcd4
                0x00000000000003e0       0x62
 .text.init_lcd4
                0x00000000000003e0       0x62 build/default/production/my_lcd4.o
                0x00000000000003e0                init_lcd4

.text.init_spi  0x0000000000000442       0x58
 .text.init_spi
                0x0000000000000442       0x58 build/default/production/spi.o
                0x0000000000000442                init_spi

.text.lcd4_cmd  0x000000000000049a       0x54
 .text.lcd4_cmd
                0x000000000000049a       0x54 build/default/production/my_lcd4.o
                0x000000000000049a                lcd4_cmd

.text.spi_clk_select
                0x00000000000004ee       0x4a
 .text.spi_clk_select
                0x00000000000004ee       0x4a build/default/production/spi.o
                0x00000000000004ee                spi_clk_select

.text.lcd4_print_char
                0x0000000000000538       0x48
 .text.lcd4_print_char
                0x0000000000000538       0x48 build/default/production/my_lcd4.o
                0x0000000000000538                lcd4_print_char

.text.eeprom_read_char
                0x0000000000000580       0x46
 .text.eeprom_read_char
                0x0000000000000580       0x46 build/default/production/eeprom.o
                0x0000000000000580                eeprom_read_char

.text.is_pressed
                0x00000000000005c6       0x38
 .text.is_pressed
                0x00000000000005c6       0x38 build/default/production/buttons.o
                0x00000000000005c6                is_pressed

.text.init_buttons
                0x00000000000005fe       0x2c
 .text.init_buttons
                0x00000000000005fe       0x2c build/default/production/buttons.o
                0x00000000000005fe                init_buttons

.text.set_port_dir_val
                0x000000000000062a       0x26
 .text.set_port_dir_val
                0x000000000000062a       0x26 build/default/production/DIO.o
                0x000000000000062a                set_port_dir_val

.text.exit      0x0000000000000650       0x16
 .text.exit     0x0000000000000650       0x16 d:/mplabx/microchip/xc8/avr/bin/../lib/gcc/avr/5.4.0/../../../../avr/lib/avr5\libc.a(exit.o)
                0x0000000000000650                exit

.text.lcd4_EN   0x0000000000000666       0x12
 .text.lcd4_EN  0x0000000000000666       0x12 build/default/production/my_lcd4.o
                0x0000000000000666                lcd4_EN

.text.lcd4_set_cur
                0x0000000000000678       0x12
 .text.lcd4_set_cur
                0x0000000000000678       0x12 build/default/production/my_lcd4.o
                0x0000000000000678                lcd4_set_cur

.text.spi_master_receive_char
                0x000000000000068a        0xa
 .text.spi_master_receive_char
                0x000000000000068a        0xa build/default/production/spi.o
                0x000000000000068a                spi_master_receive_char

.text.spi_master_transmit_char
                0x0000000000000694        0x8
 .text.spi_master_transmit_char
                0x0000000000000694        0x8 build/default/production/spi.o
                0x0000000000000694                spi_master_transmit_char

.text           0x000000000000069c        0x4
 .text          0x000000000000069c        0x4 D:/mplabx/packs/Microchip/ATmega_DFP/3.1.264/xc8/avr/lib/avr5/crtatmega32a.o
                0x000000000000069c                __vector_1
                0x000000000000069c                __vector_12
                0x000000000000069c                __bad_interrupt
                0x000000000000069c                __vector_6
                0x000000000000069c                __vector_3
                0x000000000000069c                __vector_11
                0x000000000000069c                __vector_13
                0x000000000000069c                __vector_17
                0x000000000000069c                __vector_19
                0x000000000000069c                __vector_7
                0x000000000000069c                __vector_5
                0x000000000000069c                __vector_4
                0x000000000000069c                __vector_9
                0x000000000000069c                __vector_2
                0x000000000000069c                __vector_15
                0x000000000000069c                __vector_8
                0x000000000000069c                __vector_14
                0x000000000000069c                __vector_10
                0x000000000000069c                __vector_16
                0x000000000000069c                __vector_18
                0x000000000000069c                __vector_20

.text._Exit     0x00000000000006a0        0x4
 .text._Exit    0x00000000000006a0        0x4 d:/mplabx/microchip/xc8/avr/bin/../lib/gcc/avr/5.4.0/../../../../avr/lib/avr5\libc.a(_Exit.o)
                0x00000000000006a0                _Exit

.text.__dummy_fini
                0x00000000000006a4        0x2
 .text.__dummy_fini
                0x00000000000006a4        0x2 d:/mplabx/microchip/xc8/avr/bin/../lib/gcc/avr/5.4.0/../../../../avr/lib/avr5\libc.a(exit.o)
                0x00000000000006a4                _fini

.text.__dummy_funcs_on_exit
                0x00000000000006a6        0x2
 .text.__dummy_funcs_on_exit
                0x00000000000006a6        0x2 d:/mplabx/microchip/xc8/avr/bin/../lib/gcc/avr/5.4.0/../../../../avr/lib/avr5\libc.a(exit.o)
                0x00000000000006a6                __funcs_on_exit

.text.__dummy_simulator_exit
                0x00000000000006a8        0x2
 .text.__dummy_simulator_exit
                0x00000000000006a8        0x2 d:/mplabx/microchip/xc8/avr/bin/../lib/gcc/avr/5.4.0/../../../../avr/lib/avr5\libc.a(exit.o)
                0x00000000000006a8                __simulator_exit
