Archive member included to satisfy reference by file (symbol)

c:/program files/microchip/xc8/v2.50/avr/bin/../lib/gcc/avr/5.4.0/../../../../avr/lib/avr5\libm.a(addsf3.o)
                              build/default/production/my_usart.o (__subsf3)
c:/program files/microchip/xc8/v2.50/avr/bin/../lib/gcc/avr/5.4.0/../../../../avr/lib/avr5\libm.a(addsf3x.o)
                              c:/program files/microchip/xc8/v2.50/avr/bin/../lib/gcc/avr/5.4.0/../../../../avr/lib/avr5\libm.a(addsf3.o) (__addsf3x)
c:/program files/microchip/xc8/v2.50/avr/bin/../lib/gcc/avr/5.4.0/../../../../avr/lib/avr5\libm.a(divsf3.o)
                              build/default/production/my_usart.o (__divsf3)
c:/program files/microchip/xc8/v2.50/avr/bin/../lib/gcc/avr/5.4.0/../../../../avr/lib/avr5\libm.a(divsf3x.o)
                              c:/program files/microchip/xc8/v2.50/avr/bin/../lib/gcc/avr/5.4.0/../../../../avr/lib/avr5\libm.a(divsf3.o) (__divsf3x)
c:/program files/microchip/xc8/v2.50/avr/bin/../lib/gcc/avr/5.4.0/../../../../avr/lib/avr5\libm.a(fixsfsi.o)
                              build/default/production/adc.o (__fixsfsi)
c:/program files/microchip/xc8/v2.50/avr/bin/../lib/gcc/avr/5.4.0/../../../../avr/lib/avr5\libm.a(fixunssfsi.o)
                              c:/program files/microchip/xc8/v2.50/avr/bin/../lib/gcc/avr/5.4.0/../../../../avr/lib/avr5\libm.a(fixsfsi.o) (__fixunssfsi)
c:/program files/microchip/xc8/v2.50/avr/bin/../lib/gcc/avr/5.4.0/../../../../avr/lib/avr5\libm.a(floatsisf.o)
                              build/default/production/adc.o (__floatunsisf)
c:/program files/microchip/xc8/v2.50/avr/bin/../lib/gcc/avr/5.4.0/../../../../avr/lib/avr5\libm.a(fp_inf.o)
                              c:/program files/microchip/xc8/v2.50/avr/bin/../lib/gcc/avr/5.4.0/../../../../avr/lib/avr5\libm.a(addsf3x.o) (__fp_inf)
c:/program files/microchip/xc8/v2.50/avr/bin/../lib/gcc/avr/5.4.0/../../../../avr/lib/avr5\libm.a(fp_nan.o)
                              c:/program files/microchip/xc8/v2.50/avr/bin/../lib/gcc/avr/5.4.0/../../../../avr/lib/avr5\libm.a(addsf3x.o) (__fp_nan)
c:/program files/microchip/xc8/v2.50/avr/bin/../lib/gcc/avr/5.4.0/../../../../avr/lib/avr5\libm.a(fp_pscA.o)
                              c:/program files/microchip/xc8/v2.50/avr/bin/../lib/gcc/avr/5.4.0/../../../../avr/lib/avr5\libm.a(addsf3x.o) (__fp_pscA)
c:/program files/microchip/xc8/v2.50/avr/bin/../lib/gcc/avr/5.4.0/../../../../avr/lib/avr5\libm.a(fp_pscB.o)
                              c:/program files/microchip/xc8/v2.50/avr/bin/../lib/gcc/avr/5.4.0/../../../../avr/lib/avr5\libm.a(addsf3x.o) (__fp_pscB)
c:/program files/microchip/xc8/v2.50/avr/bin/../lib/gcc/avr/5.4.0/../../../../avr/lib/avr5\libm.a(fp_round.o)
                              c:/program files/microchip/xc8/v2.50/avr/bin/../lib/gcc/avr/5.4.0/../../../../avr/lib/avr5\libm.a(addsf3.o) (__fp_round)
c:/program files/microchip/xc8/v2.50/avr/bin/../lib/gcc/avr/5.4.0/../../../../avr/lib/avr5\libm.a(fp_split3.o)
                              c:/program files/microchip/xc8/v2.50/avr/bin/../lib/gcc/avr/5.4.0/../../../../avr/lib/avr5\libm.a(addsf3x.o) (__fp_split3)
c:/program files/microchip/xc8/v2.50/avr/bin/../lib/gcc/avr/5.4.0/../../../../avr/lib/avr5\libm.a(fp_zero.o)
                              c:/program files/microchip/xc8/v2.50/avr/bin/../lib/gcc/avr/5.4.0/../../../../avr/lib/avr5\libm.a(addsf3x.o) (__fp_zero)
c:/program files/microchip/xc8/v2.50/avr/bin/../lib/gcc/avr/5.4.0/../../../../avr/lib/avr5\libm.a(mulsf3.o)
                              build/default/production/adc.o (__mulsf3)
c:/program files/microchip/xc8/v2.50/avr/bin/../lib/gcc/avr/5.4.0/../../../../avr/lib/avr5\libm.a(mulsf3x.o)
                              c:/program files/microchip/xc8/v2.50/avr/bin/../lib/gcc/avr/5.4.0/../../../../avr/lib/avr5\libm.a(mulsf3.o) (__mulsf3x)
c:/program files/microchip/xc8/v2.50/avr/bin/../lib/gcc/avr/5.4.0/avr5\libgcc.a(_udivmodhi4.o)
                              build/default/production/freertos/heap_4.o (__udivmodhi4)
c:/program files/microchip/xc8/v2.50/avr/bin/../lib/gcc/avr/5.4.0/avr5\libgcc.a(_divmodhi4.o)
                              build/default/production/my_functions.o (__divmodhi4)
c:/program files/microchip/xc8/v2.50/avr/bin/../lib/gcc/avr/5.4.0/avr5\libgcc.a(_tablejump2.o)
                              build/default/production/my_timer.o (__tablejump2__)
c:/program files/microchip/xc8/v2.50/avr/bin/../lib/gcc/avr/5.4.0/avr5\libgcc.a(_copy_data.o)
                              build/default/production/main-code.o (__do_copy_data)
c:/program files/microchip/xc8/v2.50/avr/bin/../lib/gcc/avr/5.4.0/../../../../avr/lib/avr5\libc.a(exit.o)
                              D:/mplabx/packs/Microchip/ATmega_DFP/3.1.264/xc8/avr/lib/avr5/crtatmega32a.o (exit)
c:/program files/microchip/xc8/v2.50/avr/bin/../lib/gcc/avr/5.4.0/../../../../avr/lib/avr5\libc.a(memcpy.o)
                              build/default/production/freertos/queue.o (memcpy)
[...]
Memory Configuration

Name             Origin             Length             Attributes
text             0x0000000000000000 0x0000000000008000 xr
data             0x0000000000800060 0x0000000000000800 rw !x
eeprom           0x0000000000810000 0x0000000000000400 rw !x
fuse             0x0000000000820000 0x0000000000000002 rw !x
lock             0x0000000000830000 0x0000000000000400 rw !x
signature        0x0000000000840000 0x0000000000000400 rw !x
user_signatures  0x0000000000850000 0x0000000000000400 rw !x
bootrow          0x0000000000860000 0x0000000000000400 rw !x
*default*        0x0000000000000000 0xffffffffffffffff

Linker script and memory map

LOAD D:/mplabx/packs/Microchip/ATmega_DFP/3.1.264/xc8/avr/lib/avr5/crtatmega32a.o
                0x0000000000000001                __MPLAB_BUILD = 0x1
LOAD build/default/production/DIO.o
LOAD build/default/production/leds.o
LOAD build/default/production/buttons.o
LOAD build/default/production/my_lcd.o
LOAD build/default/production/main-code.o
LOAD build/default/production/my_lcd4.o
LOAD build/default/production/keypad.o
LOAD build/default/production/my_functions.o
LOAD build/default/production/adc.o
LOAD build/default/production/my_interrupt.o
LOAD build/default/production/my_timer.o
LOAD build/default/production/my_usart.o
LOAD build/default/production/spi.o
LOAD build/default/production/my_i2c.o
LOAD build/default/production/eeprom.o
LOAD build/default/production/eeprom_i2c.o
LOAD build/default/production/freertos/croutine.o
LOAD build/default/production/freertos/event_groups.o
LOAD build/default/production/freertos/heap_4.o
LOAD build/default/production/freertos/list.o
LOAD build/default/production/freertos/port.o
LOAD build/default/production/freertos/queue.o
LOAD build/default/production/freertos/stream_buffer.o
LOAD build/default/production/freertos/tasks.o
LOAD build/default/production/freertos/timers.o
START GROUP
LOAD c:/program files/microchip/xc8/v2.50/avr/bin/../lib/gcc/avr/5.4.0/../../../../avr/lib/avr5\libm.a
END GROUP
START GROUP
LOAD c:/program files/microchip/xc8/v2.50/avr/bin/../lib/gcc/avr/5.4.0/avr5\libgcc.a
LOAD c:/program files/microchip/xc8/v2.50/avr/bin/../lib/gcc/avr/5.4.0/../../../../avr/lib/avr5\libm.a
LOAD c:/program files/microchip/xc8/v2.50/avr/bin/../lib/gcc/avr/5.4.0/../../../../avr/lib/avr5\libc.a
LOAD D:/mplabx/packs/Microchip/ATmega_DFP/3.1.264/xc8/avr/lib/avr5\libatmega32a.a
END GROUP
                [0x0000000000000000]                __TEXT_REGION_ORIGIN__ = DEFINED (__TEXT_REGION_ORIGIN__)?__TEXT_REGION_ORIGIN__:0x0
                [0x0000000000800060]                __DATA_REGION_ORIGIN__ = DEFINED (__DATA_REGION_ORIGIN__)?__DATA_REGION_ORIGIN__:0x800060
                [0x0000000000008000]                __TEXT_REGION_LENGTH__ = DEFINED (__TEXT_REGION_LENGTH__)?__TEXT_REGION_LENGTH__:0x20000
                [0x0000000000000800]                __DATA_REGION_LENGTH__ = DEFINED (__DATA_REGION_LENGTH__)?__DATA_REGION_LENGTH__:0xffa0
                [0x0000000000000400]                __EEPROM_REGION_LENGTH__ = DEFINED (__EEPROM_REGION_LENGTH__)?__EEPROM_REGION_LENGTH__:0x10000
                [0x0000000000000002]                __FUSE_REGION_LENGTH__ = DEFINED (__FUSE_REGION_LENGTH__)?__FUSE_REGION_LENGTH__:0x400
                0x0000000000000400                __LOCK_REGION_LENGTH__ = DEFINED (__LOCK_REGION_LENGTH__)?__LOCK_REGION_LENGTH__:0x400
                0x0000000000000400                __SIGNATURE_REGION_LENGTH__ = DEFINED (__SIGNATURE_REGION_LENGTH__)?__SIGNATURE_REGION_LENGTH__:0x400
                0x0000000000000400                __USER_SIGNATURE_REGION_LENGTH__ = DEFINED (__USER_SIGNATURE_REGION_LENGTH__)?__USER_SIGNATURE_REGION_LENGTH__:0x400
                0x0000000000000400                __BOOTROW_REGION_LENGTH__ = DEFINED (__BOOTROW_REGION_LENGTH__)?__BOOTROW_REGION_LENGTH__:0x400

.hash
 *(.hash)

.dynsym
 *(.dynsym)

.dynstr
 *(.dynstr)

.gnu.version
 *(.gnu.version)

.gnu.version_d
 *(.gnu.version_d)

.gnu.version_r
 *(.gnu.version_r)

.rel.init
 *(.rel.init)

.rela.init
 *(.rela.init)

.rel.text
 *(.rel.text)
 *(.rel.text.*)
 *(.rel.gnu.linkonce.t*)

.rela.text
 *(.rela.text)
 *(.rela.text.*)
 *(.rela.gnu.linkonce.t*)

.rel.fini
 *(.rel.fini)

.rela.fini
 *(.rela.fini)

.rel.rodata
 *(.rel.rodata)
 *(.rel.rodata.*)
 *(.rel.gnu.linkonce.r*)

.rela.rodata
 *(.rela.rodata)
 *(.rela.rodata.*)
 *(.rela.gnu.linkonce.r*)

.rel.data
 *(.rel.data)
 *(.rel.data.*)
 *(.rel.gnu.linkonce.d*)

.rela.data
 *(.rela.data)
 *(.rela.data.*)
 *(.rela.gnu.linkonce.d*)

.rel.ctors
 *(.rel.ctors)

.rela.ctors
 *(.rela.ctors)

.rel.dtors
 *(.rel.dtors)

.rela.dtors
 *(.rela.dtors)

.rel.got
 *(.rel.got)

.rela.got
 *(.rela.got)

.rel.bss
 *(.rel.bss)

.rela.bss
 *(.rela.bss)

.rel.plt
 *(.rel.plt)

.rela.plt
 *(.rela.plt)

.text           0x0000000000000000       0xd2
 *(.vectors)
 .vectors       0x0000000000000000       0x54 D:/mplabx/packs/Microchip/ATmega_DFP/3.1.264/xc8/avr/lib/avr5/crtatmega32a.o
                0x0000000000000000                __vector_default
                0x0000000000000000                __vectors
 *(.vectors)
 *(.progmem.gcc*)
 *(.dinit)
 .dinit         0x0000000000000054       0x29 data_init
                0x000000000000007e                . = ALIGN (0x2)
 *fill*         0x000000000000007d        0x1 
                0x000000000000007e                __trampolines_start = .
 *(.trampolines)
 .trampolines   0x000000000000007e        0x0 linker stubs
 *(.trampolines*)
                0x000000000000007e                __trampolines_end = .
 *libprintf_flt.a:*(.progmem.data)
 *libc.a:*(.progmem.data)
                0x000000000000007e                . = ALIGN (0x2)
 *(.jumptables)
 *(.jumptables*)
 *(.lowtext)
 *(.lowtext*)
                0x000000000000007e                __ctors_start = .
 *(.ctors)
                0x000000000000007e                __ctors_end = .
                0x000000000000007e                __dtors_start = .
 *(.dtors)
                0x000000000000007e                __dtors_end = .
 SORT(*)(.ctors)
 SORT(*)(.dtors)
 *(.init0)
 .init0         0x000000000000007e        0x0 D:/mplabx/packs/Microchip/ATmega_DFP/3.1.264/xc8/avr/lib/avr5/crtatmega32a.o
                0x000000000000007e                __init
 *(.init0)
 *(.init1)
 *(.init1)
 *(.init2)
 .init2         0x000000000000007e        0xc D:/mplabx/packs/Microchip/ATmega_DFP/3.1.264/xc8/avr/lib/avr5/crtatmega32a.o
 *(.init2)
 *(.init3)
 *(.init3)
 *(.init4)
 .init4         0x000000000000008a       0x3c c:/program files/microchip/xc8/v2.50/avr/bin/../lib/gcc/avr/5.4.0/avr5\libgcc.a(_copy_data.o)
                0x000000000000008a                __do_copy_data
                0x00000000000000b8                __do_clear_bss
 *(.init4)
 *(.init5)
 *(.init5)
 *(.init6)
 *(.init6)
 *(.init7)
 *(.init7)
 *(.init8)
 *(.init8)
 *(.init9)
 .init9         0x00000000000000c6        0x8 D:/mplabx/packs/Microchip/ATmega_DFP/3.1.264/xc8/avr/lib/avr5/crtatmega32a.o
 *(.init9)
                0x00000000000000ce                . = ALIGN (0x2)
 *(.fini9)
 .fini9         0x00000000000000ce        0x0 c:/program files/microchip/xc8/v2.50/avr/bin/../lib/gcc/avr/5.4.0/avr5\libgcc.a(_exit.o)
                0x00000000000000ce                _exit
 *(.fini9)
 *(.fini8)
 *(.fini8)
 *(.fini7)
 *(.fini7)
 *(.fini6)
 *(.fini6)
 *(.fini5)
 *(.fini5)
 *(.fini4)
 *(.fini4)
 *(.fini3)
 *(.fini3)
 *(.fini2)
 *(.fini2)
 *(.fini1)
 *(.fini1)
 *(.fini0)
 .fini0         0x00000000000000ce        0x4 c:/program files/microchip/xc8/v2.50/avr/bin/../lib/gcc/avr/5.4.0/avr5\libgcc.a(_exit.o)
 *(.fini0)
                0x00000000000000d2                _etext = .

.data           0x0000000000800060        0x0 load address 0x00000000000000d2
                [!provide]                        PROVIDE (__data_start, .)
 *(.gnu.linkonce.d*)
 *(.gnu.linkonce.r*)
                0x0000000000800060                . = ALIGN (0x2)
 *fill*         0x0000000000800060        0x0 
                0x0000000000800060                _edata = .
                [!provide]                        PROVIDE (__data_end, .)

.bss            0x0000000000800060        0x0
                [!provide]                        PROVIDE (__bss_start, .)
 *(COMMON)
                [!provide]                        PROVIDE (__bss_end, .)
                0x00000000000000d2                __data_load_start = LOADADDR (.data)
                0x00000000000000d2                __data_load_end = (__data_load_start + SIZEOF (.data))

.noinit         0x0000000000800060        0x0
                [!provide]                        PROVIDE (__noinit_start, .)
 *(.noinit*)
                [!provide]                        PROVIDE (__noinit_end, .)
                0x0000000000800060                _end = .

.eeprom         0x0000000000810000        0x0
 *(.eeprom*)
                0x0000000000810000                __eeprom_end = .

.fuse
 *(.fuse)
 *(.lfuse)
 *(.hfuse)
 *(.efuse)

.lock
 *(.lock*)

.signature
 *(.signature*)

.user_signatures
 *(.user_signatures*)

.bootrow
 *(.bootrow*)

.stab
 *(.stab)

.stabstr
 *(.stabstr)

.stab.excl
 *(.stab.excl)

.stab.exclstr
 *(.stab.exclstr)

.stab.index
 *(.stab.index)

.stab.indexstr
 *(.stab.indexstr)

.comment        0x0000000000000000       0x5b
 *(.comment)
 .comment       0x0000000000000000       0x2f build/default/production/DIO.o
                                         0x30 (size before relaxing)
 .comment       0x000000000000002f       0x30 build/default/production/main-code.o
 .comment       0x000000000000002f       0x30 build/default/production/my_functions.o
 .comment       0x000000000000002f       0x30 build/default/production/my_usart.o
 .comment       0x000000000000002f       0x30 build/default/production/freertos/heap_4.o
 .comment       0x000000000000002f       0x30 build/default/production/freertos/list.o
 .comment       0x000000000000002f       0x30 build/default/production/freertos/port.o
 .comment       0x000000000000002f       0x30 build/default/production/freertos/queue.o
 .comment       0x000000000000002f       0x30 build/default/production/freertos/tasks.o
 .comment       0x000000000000002f       0x2c c:/program files/microchip/xc8/v2.50/avr/bin/../lib/gcc/avr/5.4.0/../../../../avr/lib/avr5\libc.a(exit.o)
                                         0x2d (size before relaxing)
 .comment       0x000000000000005b       0x2d c:/program files/microchip/xc8/v2.50/avr/bin/../lib/gcc/avr/5.4.0/../../../../avr/lib/avr5\libc.a(memcpy.o)
 .comment       0x000000000000005b       0x2d c:/program files/microchip/xc8/v2.50/avr/bin/../lib/gcc/avr/5.4.0/../../../../avr/lib/avr5\libc.a(memset.o)
 .comment       0x000000000000005b       0x2d c:/program files/microchip/xc8/v2.50/avr/bin/../lib/gcc/avr/5.4.0/../../../../avr/lib/avr5\libc.a(_Exit.o)

.stack.descriptors.hdr
                0x0000000000000000      0x126
 .stack.descriptors.hdr
                0x0000000000000000        0xe c:/program files/microchip/xc8/v2.50/avr/bin/../lib/gcc/avr/5.4.0/../../../../avr/lib/avr5\libm.a(addsf3.o)
 .stack.descriptors.hdr
                0x000000000000000e        0xe c:/program files/microchip/xc8/v2.50/avr/bin/../lib/gcc/avr/5.4.0/../../../../avr/lib/avr5\libm.a(addsf3x.o)
 .stack.descriptors.hdr
                0x000000000000001c        0xe c:/program files/microchip/xc8/v2.50/avr/bin/../lib/gcc/avr/5.4.0/../../../../avr/lib/avr5\libm.a(divsf3.o)
 .stack.descriptors.hdr
                0x000000000000002a        0xe c:/program files/microchip/xc8/v2.50/avr/bin/../lib/gcc/avr/5.4.0/../../../../avr/lib/avr5\libm.a(divsf3x.o)
 .stack.descriptors.hdr
                0x0000000000000038        0xe c:/program files/microchip/xc8/v2.50/avr/bin/../lib/gcc/avr/5.4.0/../../../../avr/lib/avr5\libm.a(fixsfsi.o)
 .stack.descriptors.hdr
                0x0000000000000046        0xe c:/program files/microchip/xc8/v2.50/avr/bin/../lib/gcc/avr/5.4.0/../../../../avr/lib/avr5\libm.a(fixunssfsi.o)
 .stack.descriptors.hdr
                0x0000000000000054        0xe c:/program files/microchip/xc8/v2.50/avr/bin/../lib/gcc/avr/5.4.0/../../../../avr/lib/avr5\libm.a(floatsisf.o)
 .stack.descriptors.hdr
                0x0000000000000062        0xe c:/program files/microchip/xc8/v2.50/avr/bin/../lib/gcc/avr/5.4.0/../../../../avr/lib/avr5\libm.a(fp_inf.o)
 .stack.descriptors.hdr
                0x0000000000000070        0xe c:/program files/microchip/xc8/v2.50/avr/bin/../lib/gcc/avr/5.4.0/../../../../avr/lib/avr5\libm.a(fp_nan.o)
 .stack.descriptors.hdr
                0x000000000000007e        0xe c:/program files/microchip/xc8/v2.50/avr/bin/../lib/gcc/avr/5.4.0/../../../../avr/lib/avr5\libm.a(fp_pscA.o)
 .stack.descriptors.hdr
                0x000000000000008c        0xe c:/program files/microchip/xc8/v2.50/avr/bin/../lib/gcc/avr/5.4.0/../../../../avr/lib/avr5\libm.a(fp_pscB.o)
 .stack.descriptors.hdr
                0x000000000000009a        0xe c:/program files/microchip/xc8/v2.50/avr/bin/../lib/gcc/avr/5.4.0/../../../../avr/lib/avr5\libm.a(fp_round.o)
 .stack.descriptors.hdr
                0x00000000000000a8        0xe c:/program files/microchip/xc8/v2.50/avr/bin/../lib/gcc/avr/5.4.0/../../../../avr/lib/avr5\libm.a(fp_split3.o)
 .stack.descriptors.hdr
                0x00000000000000b6        0xe c:/program files/microchip/xc8/v2.50/avr/bin/../lib/gcc/avr/5.4.0/../../../../avr/lib/avr5\libm.a(fp_zero.o)
 .stack.descriptors.hdr
                0x00000000000000c4        0xe c:/program files/microchip/xc8/v2.50/avr/bin/../lib/gcc/avr/5.4.0/avr5\libgcc.a(_udivmodhi4.o)
 .stack.descriptors.hdr
                0x00000000000000d2        0xe c:/program files/microchip/xc8/v2.50/avr/bin/../lib/gcc/avr/5.4.0/avr5\libgcc.a(_divmodhi4.o)
 .stack.descriptors.hdr
                0x00000000000000e0        0xe c:/program files/microchip/xc8/v2.50/avr/bin/../lib/gcc/avr/5.4.0/../../../../avr/lib/avr5\libc.a(exit.o)
 .stack.descriptors.hdr
                0x00000000000000ee        0xe c:/program files/microchip/xc8/v2.50/avr/bin/../lib/gcc/avr/5.4.0/../../../../avr/lib/avr5\libc.a(memcpy.o)
 .stack.descriptors.hdr
                0x00000000000000fc        0xe c:/program files/microchip/xc8/v2.50/avr/bin/../lib/gcc/avr/5.4.0/../../../../avr/lib/avr5\libc.a(memset.o)
 .stack.descriptors.hdr
                0x000000000000010a        0xe c:/program files/microchip/xc8/v2.50/avr/bin/../lib/gcc/avr/5.4.0/../../../../avr/lib/avr5\libc.a(_Exit.o)
 .stack.descriptors.hdr
                0x0000000000000118        0xe c:/program files/microchip/xc8/v2.50/avr/bin/../lib/gcc/avr/5.4.0/avr5\libgcc.a(_exit.o)

.note.GNU-stack
                0x0000000000000000        0x0
 .note.GNU-stack
                0x0000000000000000        0x0 c:/program files/microchip/xc8/v2.50/avr/bin/../lib/gcc/avr/5.4.0/../../../../avr/lib/avr5\libm.a(addsf3.o)
 .note.GNU-stack
                0x0000000000000000        0x0 c:/program files/microchip/xc8/v2.50/avr/bin/../lib/gcc/avr/5.4.0/../../../../avr/lib/avr5\libm.a(addsf3x.o)
 .note.GNU-stack
                0x0000000000000000        0x0 c:/program files/microchip/xc8/v2.50/avr/bin/../lib/gcc/avr/5.4.0/../../../../avr/lib/avr5\libm.a(divsf3.o)
 .note.GNU-stack
                0x0000000000000000        0x0 c:/program files/microchip/xc8/v2.50/avr/bin/../lib/gcc/avr/5.4.0/../../../../avr/lib/avr5\libm.a(divsf3x.o)
 .note.GNU-stack
                0x0000000000000000        0x0 c:/program files/microchip/xc8/v2.50/avr/bin/../lib/gcc/avr/5.4.0/../../../../avr/lib/avr5\libm.a(fixsfsi.o)
 .note.GNU-stack
                0x0000000000000000        0x0 c:/program files/microchip/xc8/v2.50/avr/bin/../lib/gcc/avr/5.4.0/../../../../avr/lib/avr5\libm.a(fixunssfsi.o)
 .note.GNU-stack
                0x0000000000000000        0x0 c:/program files/microchip/xc8/v2.50/avr/bin/../lib/gcc/avr/5.4.0/../../../../avr/lib/avr5\libm.a(floatsisf.o)
 .note.GNU-stack
                0x0000000000000000        0x0 c:/program files/microchip/xc8/v2.50/avr/bin/../lib/gcc/avr/5.4.0/../../../../avr/lib/avr5\libm.a(fp_inf.o)
 .note.GNU-stack
                0x0000000000000000        0x0 c:/program files/microchip/xc8/v2.50/avr/bin/../lib/gcc/avr/5.4.0/../../../../avr/lib/avr5\libm.a(fp_nan.o)
 .note.GNU-stack
                0x0000000000000000        0x0 c:/program files/microchip/xc8/v2.50/avr/bin/../lib/gcc/avr/5.4.0/../../../../avr/lib/avr5\libm.a(fp_pscA.o)
 .note.GNU-stack
                0x0000000000000000        0x0 c:/program files/microchip/xc8/v2.50/avr/bin/../lib/gcc/avr/5.4.0/../../../../avr/lib/avr5\libm.a(fp_pscB.o)
 .note.GNU-stack
                0x0000000000000000        0x0 c:/program files/microchip/xc8/v2.50/avr/bin/../lib/gcc/avr/5.4.0/../../../../avr/lib/avr5\libm.a(fp_round.o)
 .note.GNU-stack
                0x0000000000000000        0x0 c:/program files/microchip/xc8/v2.50/avr/bin/../lib/gcc/avr/5.4.0/../../../../avr/lib/avr5\libm.a(fp_split3.o)
 .note.GNU-stack
                0x0000000000000000        0x0 c:/program files/microchip/xc8/v2.50/avr/bin/../lib/gcc/avr/5.4.0/../../../../avr/lib/avr5\libm.a(fp_zero.o)
 .note.GNU-stack
                0x0000000000000000        0x0 c:/program files/microchip/xc8/v2.50/avr/bin/../lib/gcc/avr/5.4.0/../../../../avr/lib/avr5\libc.a(exit.o)
 .note.GNU-stack
                0x0000000000000000        0x0 c:/program files/microchip/xc8/v2.50/avr/bin/../lib/gcc/avr/5.4.0/../../../../avr/lib/avr5\libc.a(memcpy.o)
 .note.GNU-stack
                0x0000000000000000        0x0 c:/program files/microchip/xc8/v2.50/avr/bin/../lib/gcc/avr/5.4.0/../../../../avr/lib/avr5\libc.a(memset.o)
 .note.GNU-stack
                0x0000000000000000        0x0 c:/program files/microchip/xc8/v2.50/avr/bin/../lib/gcc/avr/5.4.0/../../../../avr/lib/avr5\libc.a(_Exit.o)

.note.gnu.build-id
 *(.note.gnu.build-id)

.debug
 *(.debug)

.line
 *(.line)

.debug_srcinfo
 *(.debug_srcinfo)

.debug_sfnames
 *(.debug_sfnames)

.debug_aranges  0x0000000000000000      0x488
 *(.debug_aranges)
 .debug_aranges
                0x0000000000000000       0x68 build/default/production/DIO.o
 .debug_aranges
                0x0000000000000068       0x30 build/default/production/main-code.o
 .debug_aranges
                0x0000000000000098       0x28 build/default/production/my_functions.o
 .debug_aranges
                0x00000000000000c0       0x40 build/default/production/my_usart.o
 .debug_aranges
                0x0000000000000100       0x58 build/default/production/freertos/heap_4.o
 .debug_aranges
                0x0000000000000158       0x40 build/default/production/freertos/list.o
 .debug_aranges
                0x0000000000000198       0x48 build/default/production/freertos/port.o
 .debug_aranges
                0x00000000000001e0       0xf8 build/default/production/freertos/queue.o
 .debug_aranges
                0x00000000000002d8      0x1b0 build/default/production/freertos/tasks.o

.debug_pubnames
 *(.debug_pubnames)

.debug_info     0x0000000000000000     0x7c09
 *(.debug_info .gnu.linkonce.wi.*)
 .debug_info    0x0000000000000000      0x4e6 D:/mplabx/packs/Microchip/ATmega_DFP/3.1.264/xc8/avr/lib/avr5/crtatmega32a.o
 .debug_info    0x00000000000004e6      0x4bd build/default/production/DIO.o
 .debug_info    0x00000000000009a3      0x67f build/default/production/main-code.o
 .debug_info    0x0000000000001022      0x2ff build/default/production/my_functions.o
 .debug_info    0x0000000000001321      0x5e5 build/default/production/my_usart.o
 .debug_info    0x0000000000001906      0x8ff build/default/production/freertos/heap_4.o
 .debug_info    0x0000000000002205      0x54b build/default/production/freertos/list.o
 .debug_info    0x0000000000002750      0x4ea build/default/production/freertos/port.o
 .debug_info    0x0000000000002c3a     0x1efd build/default/production/freertos/queue.o
 .debug_info    0x0000000000004b37     0x30d2 build/default/production/freertos/tasks.o

.debug_abbrev   0x0000000000000000     0x1354
 *(.debug_abbrev)
 .debug_abbrev  0x0000000000000000      0x4a3 D:/mplabx/packs/Microchip/ATmega_DFP/3.1.264/xc8/avr/lib/avr5/crtatmega32a.o
 .debug_abbrev  0x00000000000004a3       0xe1 build/default/production/DIO.o
 .debug_abbrev  0x0000000000000584       0xdc build/default/production/main-code.o
 .debug_abbrev  0x0000000000000660       0xa0 build/default/production/my_functions.o
 .debug_abbrev  0x0000000000000700      0x19b build/default/production/my_usart.o
 .debug_abbrev  0x000000000000089b      0x220 build/default/production/freertos/heap_4.o
 .debug_abbrev  0x0000000000000abb      0x116 build/default/production/freertos/list.o
 .debug_abbrev  0x0000000000000bd1      0x157 build/default/production/freertos/port.o
 .debug_abbrev  0x0000000000000d28      0x2b3 build/default/production/freertos/queue.o
 .debug_abbrev  0x0000000000000fdb      0x379 build/default/production/freertos/tasks.o

.debug_line     0x0000000000000000     0x32d1
 *(.debug_line .debug_line.* .debug_line_end)
 .debug_line    0x0000000000000000      0x116 D:/mplabx/packs/Microchip/ATmega_DFP/3.1.264/xc8/avr/lib/avr5/crtatmega32a.o
 .debug_line    0x0000000000000116      0x3d7 build/default/production/DIO.o
 .debug_line    0x00000000000004ed      0x16b build/default/production/main-code.o
 .debug_line    0x0000000000000658       0xb2 build/default/production/my_functions.o
 .debug_line    0x000000000000070a      0x25e build/default/production/my_usart.o
 .debug_line    0x0000000000000968      0x379 build/default/production/freertos/heap_4.o
 .debug_line    0x0000000000000ce1      0x1cb build/default/production/freertos/list.o
 .debug_line    0x0000000000000eac      0x283 build/default/production/freertos/port.o
 .debug_line    0x000000000000112f      0xbdb build/default/production/freertos/queue.o
 .debug_line    0x0000000000001d0a     0x15c7 build/default/production/freertos/tasks.o

.debug_frame    0x0000000000000000      0xe18
 *(.debug_frame)
 .debug_frame   0x0000000000000000       0xb4 build/default/production/DIO.o
 .debug_frame   0x00000000000000b4       0x44 build/default/production/main-code.o
 .debug_frame   0x00000000000000f8       0x5c build/default/production/my_functions.o
 .debug_frame   0x0000000000000154       0x8c build/default/production/my_usart.o
 .debug_frame   0x00000000000001e0      0x108 build/default/production/freertos/heap_4.o
 .debug_frame   0x00000000000002e8       0x88 build/default/production/freertos/list.o
 .debug_frame   0x0000000000000370       0x74 build/default/production/freertos/port.o
 .debug_frame   0x00000000000003e4      0x3bc build/default/production/freertos/queue.o
 .debug_frame   0x00000000000007a0      0x678 build/default/production/freertos/tasks.o

.debug_str      0x0000000000000000      0x875
 *(.debug_str)
 .debug_str     0x0000000000000000      0x196 D:/mplabx/packs/Microchip/ATmega_DFP/3.1.264/xc8/avr/lib/avr5/crtatmega32a.o
 .debug_str     0x0000000000000196       0x13 build/default/production/DIO.o
 .debug_str     0x00000000000001a9       0x94 build/default/production/main-code.o
 .debug_str     0x000000000000023d        0x0 build/default/production/my_functions.o
 .debug_str     0x000000000000023d        0xc build/default/production/my_usart.o
 .debug_str     0x0000000000000249       0x76 build/default/production/freertos/heap_4.o
 .debug_str     0x00000000000002bf       0x2b build/default/production/freertos/list.o
 .debug_str     0x00000000000002ea       0x26 build/default/production/freertos/port.o
 .debug_str     0x0000000000000310      0x2a6 build/default/production/freertos/queue.o
 .debug_str     0x00000000000005b6      0x2bf build/default/production/freertos/tasks.o

.debug_loc      0x0000000000000000     0x4d52
 *(.debug_loc)
 .debug_loc     0x0000000000000000      0x470 build/default/production/DIO.o
 .debug_loc     0x0000000000000470      0x169 build/default/production/my_functions.o
 .debug_loc     0x00000000000005d9      0x347 build/default/production/my_usart.o
 .debug_loc     0x0000000000000920      0x4f4 build/default/production/freertos/heap_4.o
 .debug_loc     0x0000000000000e14       0xb8 build/default/production/freertos/list.o
 .debug_loc     0x0000000000000ecc      0x2a0 build/default/production/freertos/port.o
 .debug_loc     0x000000000000116c     0x180c build/default/production/freertos/queue.o
 .debug_loc     0x0000000000002978     0x23da build/default/production/freertos/tasks.o

.debug_macinfo
 *(.debug_macinfo)

.debug_weaknames
 *(.debug_weaknames)

.debug_funcnames
 *(.debug_funcnames)

.debug_typenames
 *(.debug_typenames)

.debug_varnames
 *(.debug_varnames)

.debug_pubtypes
 *(.debug_pubtypes)

.debug_ranges   0x0000000000000000      0x520
 *(.debug_ranges)
 .debug_ranges  0x0000000000000000       0x58 build/default/production/DIO.o
 .debug_ranges  0x0000000000000058       0x20 build/default/production/main-code.o
 .debug_ranges  0x0000000000000078       0x18 build/default/production/my_functions.o
 .debug_ranges  0x0000000000000090       0x30 build/default/production/my_usart.o
 .debug_ranges  0x00000000000000c0       0x48 build/default/production/freertos/heap_4.o
 .debug_ranges  0x0000000000000108       0x30 build/default/production/freertos/list.o
 .debug_ranges  0x0000000000000138       0x38 build/default/production/freertos/port.o
 .debug_ranges  0x0000000000000170      0x178 build/default/production/freertos/queue.o
 .debug_ranges  0x00000000000002e8      0x238 build/default/production/freertos/tasks.o

.debug_macro
 *(.debug_macro)
OUTPUT(dist/default/production/atmega32a_driver.X.production.elf elf32-avr)
LOAD linker stubs
LOAD data_init

.note.gnu.avr.deviceinfo
                0x0000000000000000       0x3c
 .note.gnu.avr.deviceinfo
                0x0000000000000000       0x3c D:/mplabx/packs/Microchip/ATmega_DFP/3.1.264/xc8/avr/lib/avr5/crtatmega32a.o

.bss.count      0x00000000008006cb        0x2
 .bss.count     0x00000000008006cb        0x2 build/default/production/main-code.o
                0x00000000008006cb                count

.bss.handler2   0x00000000008006cd        0x2
 .bss.handler2  0x00000000008006cd        0x2 build/default/production/main-code.o
                0x00000000008006cd                handler2

.bss.handler1   0x00000000008006cf        0x2
 .bss.handler1  0x00000000008006cf        0x2 build/default/production/main-code.o
                0x00000000008006cf                handler1

.bss.semaphore  0x00000000008006d1        0x2
 .bss.semaphore
                0x00000000008006d1        0x2 build/default/production/main-code.o
                0x00000000008006d1                semaphore

.bss.xNumberOfSuccessfulFrees
                0x00000000008006d3        0x2
 .bss.xNumberOfSuccessfulFrees
                0x00000000008006d3        0x2 build/default/production/freertos/heap_4.o

.bss.xNumberOfSuccessfulAllocations
                0x00000000008006d5        0x2
 .bss.xNumberOfSuccessfulAllocations
                0x00000000008006d5        0x2 build/default/production/freertos/heap_4.o

.bss.xMinimumEverFreeBytesRemaining
                0x00000000008006d7        0x2
 .bss.xMinimumEverFreeBytesRemaining
                0x00000000008006d7        0x2 build/default/production/freertos/heap_4.o

.bss.xFreeBytesRemaining
                0x00000000008006d9        0x2
 .bss.xFreeBytesRemaining
                0x00000000008006d9        0x2 build/default/production/freertos/heap_4.o

.bss.pxEnd      0x00000000008006db        0x2
 .bss.pxEnd     0x00000000008006db        0x2 build/default/production/freertos/heap_4.o

.bss.xStart     0x00000000008006c7        0x4
 .bss.xStart    0x00000000008006c7        0x4 build/default/production/freertos/heap_4.o

.bss.ucHeap     0x0000000000800060      0x5dc
 .bss.ucHeap    0x0000000000800060      0x5dc build/default/production/freertos/heap_4.o

.bss.uxSchedulerSuspended
                0x00000000008006eb        0x1
 .bss.uxSchedulerSuspended
                0x00000000008006eb        0x1 build/default/production/freertos/tasks.o

.bss.xIdleTaskHandle
                0x00000000008006dd        0x2
 .bss.xIdleTaskHandle
                0x00000000008006dd        0x2 build/default/production/freertos/tasks.o

.bss.xNextTaskUnblockTime
                0x00000000008006df        0x2
 .bss.xNextTaskUnblockTime
                0x00000000008006df        0x2 build/default/production/freertos/tasks.o

.bss.uxTaskNumber
                0x00000000008006ed        0x1
 .bss.uxTaskNumber
                0x00000000008006ed        0x1 build/default/production/freertos/tasks.o

.bss.xNumOfOverflows
                0x00000000008006ee        0x1
 .bss.xNumOfOverflows
                0x00000000008006ee        0x1 build/default/production/freertos/tasks.o

.bss.xYieldPending
                0x00000000008006ef        0x1
 .bss.xYieldPending
                0x00000000008006ef        0x1 build/default/production/freertos/tasks.o

.bss.xPendedTicks
                0x00000000008006e1        0x2
 .bss.xPendedTicks
                0x00000000008006e1        0x2 build/default/production/freertos/tasks.o

.bss.xSchedulerRunning
                0x00000000008006f0        0x1
 .bss.xSchedulerRunning
                0x00000000008006f0        0x1 build/default/production/freertos/tasks.o

.bss.uxTopReadyPriority
                0x00000000008006f1        0x1
 .bss.uxTopReadyPriority
                0x00000000008006f1        0x1 build/default/production/freertos/tasks.o

.bss.xTickCount
                0x00000000008006e3        0x2
 .bss.xTickCount
                0x00000000008006e3        0x2 build/default/production/freertos/tasks.o

.bss.uxCurrentNumberOfTasks
                0x00000000008006f2        0x1
 .bss.uxCurrentNumberOfTasks
                0x00000000008006f2        0x1 build/default/production/freertos/tasks.o

.bss.xSuspendedTaskList
                0x0000000000800695        0x9
 .bss.xSuspendedTaskList
                0x0000000000800695        0x9 build/default/production/freertos/tasks.o

.bss.uxDeletedTasksWaitingCleanUp
                0x00000000008006f3        0x1
 .bss.uxDeletedTasksWaitingCleanUp
                0x00000000008006f3        0x1 build/default/production/freertos/tasks.o

.bss.xTasksWaitingTermination
                0x000000000080069e        0x9
 .bss.xTasksWaitingTermination
                0x000000000080069e        0x9 build/default/production/freertos/tasks.o

.bss.xPendingReadyList
                0x00000000008006a7        0x9
 .bss.xPendingReadyList
                0x00000000008006a7        0x9 build/default/production/freertos/tasks.o

.bss.pxOverflowDelayedTaskList
                0x00000000008006e5        0x2
 .bss.pxOverflowDelayedTaskList
                0x00000000008006e5        0x2 build/default/production/freertos/tasks.o

.bss.pxDelayedTaskList
                0x00000000008006e7        0x2
 .bss.pxDelayedTaskList
                0x00000000008006e7        0x2 build/default/production/freertos/tasks.o

.bss.xDelayedTaskList2
                0x00000000008006b0        0x9
 .bss.xDelayedTaskList2
                0x00000000008006b0        0x9 build/default/production/freertos/tasks.o

.bss.xDelayedTaskList1
                0x00000000008006b9        0x9
 .bss.xDelayedTaskList1
                0x00000000008006b9        0x9 build/default/production/freertos/tasks.o

.bss.pxReadyTasksLists
                0x0000000000800671       0x24
 .bss.pxReadyTasksLists
                0x0000000000800671       0x24 build/default/production/freertos/tasks.o

.bss.pxCurrentTCB
                0x00000000008006e9        0x2
 .bss.pxCurrentTCB
                0x00000000008006e9        0x2 build/default/production/freertos/tasks.o
                0x00000000008006e9                pxCurrentTCB

.text.xTaskCreate
                0x00000000000000d2      0x274
 .text.xTaskCreate
                0x00000000000000d2      0x274 build/default/production/freertos/tasks.o
                0x00000000000000d2                xTaskCreate

.text.xTaskIncrementTick
                0x0000000000000346      0x23e
 .text.xTaskIncrementTick
                0x0000000000000346      0x23e build/default/production/freertos/tasks.o
                0x0000000000000346                xTaskIncrementTick

.text.xTaskResumeAll
                0x0000000000000584      0x1bc
 .text.xTaskResumeAll
                0x0000000000000584      0x1bc build/default/production/freertos/tasks.o
                0x0000000000000584                xTaskResumeAll

.text.xQueueSemaphoreTake
                0x0000000000000740      0x19a
 .text.xQueueSemaphoreTake
                0x0000000000000740      0x19a build/default/production/freertos/queue.o
                0x0000000000000740                xQueueSemaphoreTake

.text.xTaskRemoveFromEventList
                0x00000000000008da      0x17c
 .text.xTaskRemoveFromEventList
                0x00000000000008da      0x17c build/default/production/freertos/tasks.o
                0x00000000000008da                xTaskRemoveFromEventList

.text.pvPortMalloc
                0x0000000000000a56      0x166
 .text.pvPortMalloc
                0x0000000000000a56      0x166 build/default/production/freertos/heap_4.o
                0x0000000000000a56                pvPortMalloc

.text.xQueueGenericSend
                0x0000000000000bbc      0x142
 .text.xQueueGenericSend
                0x0000000000000bbc      0x142 build/default/production/freertos/queue.o
                0x0000000000000bbc                xQueueGenericSend

.text.init_uart
                0x0000000000000cfe      0x132
 .text.init_uart
                0x0000000000000cfe      0x132 build/default/production/my_usart.o
                0x0000000000000cfe                init_uart

.text.xTaskPriorityInherit
                0x0000000000000e30      0x128
 .text.xTaskPriorityInherit
                0x0000000000000e30      0x128 build/default/production/freertos/tasks.o
                0x0000000000000e30                xTaskPriorityInherit

.text.prvAddCurrentTaskToDelayedList
                0x0000000000000f58      0x102
 .text.prvAddCurrentTaskToDelayedList
                0x0000000000000f58      0x102 build/default/production/freertos/tasks.o

.text.set_pin_dir
                0x000000000000105a       0xf2
 .text.set_pin_dir
                0x000000000000105a       0xf2 build/default/production/DIO.o
                0x000000000000105a                set_pin_dir

.text.vTaskPriorityDisinheritAfterTimeout
                0x000000000000114c       0xe6
 .text.vTaskPriorityDisinheritAfterTimeout
                0x000000000000114c       0xe6 build/default/production/freertos/tasks.o
                0x000000000000114c                vTaskPriorityDisinheritAfterTimeout

.text           0x0000000000001232       0xde
 .text          0x0000000000001232       0xde c:/program files/microchip/xc8/v2.50/avr/bin/../lib/gcc/avr/5.4.0/../../../../avr/lib/avr5\libm.a(divsf3x.o)
                0x0000000000001232                __divsf3x
                0x000000000000125a                __divsf3_pse

.text.pxPortInitialiseStack
                0x0000000000001310       0xd8
 .text.pxPortInitialiseStack
                0x0000000000001310       0xd8 build/default/production/freertos/port.o
                0x0000000000001310                pxPortInitialiseStack

.text           0x00000000000013e8       0xce
 .text          0x00000000000013e8       0xce c:/program files/microchip/xc8/v2.50/avr/bin/../lib/gcc/avr/5.4.0/../../../../avr/lib/avr5\libm.a(addsf3x.o)
                0x00000000000013e8                __addsf3x

.text.vTaskSwitchContext
                0x00000000000014b6       0xcc
 .text.vTaskSwitchContext
                0x00000000000014b6       0xcc build/default/production/freertos/tasks.o
                0x00000000000014b6                vTaskSwitchContext

.text.xQueueGenericReset
                0x0000000000001582       0xc6
 .text.xQueueGenericReset
                0x0000000000001582       0xc6 build/default/production/freertos/queue.o
                0x0000000000001582                xQueueGenericReset

.text.xTaskPriorityDisinherit
                0x0000000000001648       0xc6
 .text.xTaskPriorityDisinherit
                0x0000000000001648       0xc6 build/default/production/freertos/tasks.o
                0x0000000000001648                xTaskPriorityDisinherit

.text.prvCopyDataToQueue
                0x000000000000170e       0xbe
 .text.prvCopyDataToQueue
                0x000000000000170e       0xbe build/default/production/freertos/queue.o

.text.vPortYieldFromTick
                0x00000000000017cc       0xb8
 .text.vPortYieldFromTick
                0x00000000000017cc       0xb8 build/default/production/freertos/port.o
                0x00000000000017cc                vPortYieldFromTick

.text.vPortYield
                0x0000000000001884       0xb2
 .text.vPortYield
                0x0000000000001884       0xb2 build/default/production/freertos/port.o
                0x0000000000001884                vPortYield

.text.prvInsertBlockIntoFreeList
                0x0000000000001936       0x9a
 .text.prvInsertBlockIntoFreeList
                0x0000000000001936       0x9a build/default/production/freertos/heap_4.o

.text.prvUnlockQueue
                0x00000000000019d0       0x9a
 .text.prvUnlockQueue
                0x00000000000019d0       0x9a build/default/production/freertos/queue.o

.text.xQueueGenericCreate
                0x0000000000001a6a       0x86
 .text.xQueueGenericCreate
                0x0000000000001a6a       0x86 build/default/production/freertos/queue.o
                0x0000000000001a6a                xQueueGenericCreate

.text.itoa      0x0000000000001af0       0x80
 .text.itoa     0x0000000000001af0       0x80 build/default/production/my_functions.o
                0x0000000000001af0                itoa

.text           0x0000000000001b70       0x7a
 .text          0x0000000000001b70       0x7a c:/program files/microchip/xc8/v2.50/avr/bin/../lib/gcc/avr/5.4.0/../../../../avr/lib/avr5\libm.a(floatsisf.o)
                0x0000000000001b70                __floatunsisf
                0x0000000000001b74                __floatsisf

.text.xTaskCheckForTimeOut
                0x0000000000001bea       0x72
 .text.xTaskCheckForTimeOut
                0x0000000000001bea       0x72 build/default/production/freertos/tasks.o
                0x0000000000001bea                xTaskCheckForTimeOut

.text.prvIdleTask
                0x0000000000001c5c       0x70
 .text.prvIdleTask
                0x0000000000001c5c       0x70 build/default/production/freertos/tasks.o

.text.xPortStartScheduler
                0x0000000000001ccc       0x6a
 .text.xPortStartScheduler
                0x0000000000001ccc       0x6a build/default/production/freertos/port.o
                0x0000000000001ccc                xPortStartScheduler

.text.main      0x0000000000001d36       0x68
 .text.main     0x0000000000001d36       0x68 build/default/production/main-code.o
                0x0000000000001d36                main

.text.vPortFree
                0x0000000000001d9e       0x62
 .text.vPortFree
                0x0000000000001d9e       0x62 build/default/production/freertos/heap_4.o
                0x0000000000001d9e                vPortFree

.text.vListInsert
                0x0000000000001e00       0x62
 .text.vListInsert
                0x0000000000001e00       0x62 build/default/production/freertos/list.o
                0x0000000000001e00                vListInsert

.text.function1
                0x0000000000001e62       0x60
 .text.function1
                0x0000000000001e62       0x60 build/default/production/main-code.o
                0x0000000000001e62                function1

.text.function2
                0x0000000000001ec2       0x60
 .text.function2
                0x0000000000001ec2       0x60 build/default/production/main-code.o
                0x0000000000001ec2                function2

.text           0x0000000000001f22       0x5e
 .text          0x0000000000001f22       0x5e c:/program files/microchip/xc8/v2.50/avr/bin/../lib/gcc/avr/5.4.0/../../../../avr/lib/avr5\libm.a(fixunssfsi.o)
                0x0000000000001f22                __fixunssfsi

.text.vTaskStartScheduler
                0x0000000000001f80       0x58
 .text.vTaskStartScheduler
                0x0000000000001f80       0x58 build/default/production/freertos/tasks.o
                0x0000000000001f80                vTaskStartScheduler

.text.uxListRemove
                0x0000000000001fd8       0x4e
 .text.uxListRemove
                0x0000000000001fd8       0x4e build/default/production/freertos/list.o
                0x0000000000001fd8                uxListRemove

.text           0x0000000000002026       0x44
 .text          0x0000000000002026       0x44 c:/program files/microchip/xc8/v2.50/avr/bin/../lib/gcc/avr/5.4.0/../../../../avr/lib/avr5\libm.a(fp_split3.o)
                0x0000000000002026                __fp_split3
                0x0000000000002036                __fp_splitA

.text.reverse   0x000000000000206a       0x3a
 .text.reverse  0x000000000000206a       0x3a build/default/production/my_functions.o
                0x000000000000206a                reverse

.text.uart_send_num
                0x00000000000020a4       0x38
 .text.uart_send_num
                0x00000000000020a4       0x38 build/default/production/my_usart.o
                0x00000000000020a4                uart_send_num

.text.prvResetNextTaskUnblockTime
                0x00000000000020dc       0x38
 .text.prvResetNextTaskUnblockTime
                0x00000000000020dc       0x38 build/default/production/freertos/tasks.o

.text.xQueueCreateMutex
                0x0000000000002114       0x34
 .text.xQueueCreateMutex
                0x0000000000002114       0x34 build/default/production/freertos/queue.o
                0x0000000000002114                xQueueCreateMutex

.text.uart_send_str
                0x0000000000002148       0x2a
 .text.uart_send_str
                0x0000000000002148       0x2a build/default/production/my_usart.o
                0x0000000000002148                uart_send_str

.text.vTaskDelay
                0x0000000000002172       0x28
 .text.vTaskDelay
                0x0000000000002172       0x28 build/default/production/freertos/tasks.o
                0x0000000000002172                vTaskDelay

.text.libgcc.div
                0x000000000000219a       0x28
 .text.libgcc.div
                0x000000000000219a       0x28 c:/program files/microchip/xc8/v2.50/avr/bin/../lib/gcc/avr/5.4.0/avr5\libgcc.a(_udivmodhi4.o)
                0x000000000000219a                __udivmodhi4

.text.libgcc.div
                0x00000000000021c2       0x28
 .text.libgcc.div
                0x00000000000021c2       0x28 c:/program files/microchip/xc8/v2.50/avr/bin/../lib/gcc/avr/5.4.0/avr5\libgcc.a(_divmodhi4.o)
                0x00000000000021c2                _div
                0x00000000000021c2                __divmodhi4

.text.vTaskPlaceOnEventList
                0x00000000000021ea       0x24
 .text.vTaskPlaceOnEventList
                0x00000000000021ea       0x24 build/default/production/freertos/tasks.o
                0x00000000000021ea                vTaskPlaceOnEventList

.text.pvTaskIncrementMutexHeldCount
                0x000000000000220e       0x24
 .text.pvTaskIncrementMutexHeldCount
                0x000000000000220e       0x24 build/default/production/freertos/tasks.o
                0x000000000000220e                pvTaskIncrementMutexHeldCount

.text           0x0000000000002232       0x22
 .text          0x0000000000002232       0x22 c:/program files/microchip/xc8/v2.50/avr/bin/../lib/gcc/avr/5.4.0/../../../../avr/lib/avr5\libm.a(fp_round.o)
                0x0000000000002232                __fp_round

.text.vListInitialise
                0x0000000000002254       0x1c
 .text.vListInitialise
                0x0000000000002254       0x1c build/default/production/freertos/list.o
                0x0000000000002254                vListInitialise

.text.prvIsQueueEmpty
                0x0000000000002270       0x16
 .text.prvIsQueueEmpty
                0x0000000000002270       0x16 build/default/production/freertos/queue.o

.text.vTaskInternalSetTimeOutState
                0x0000000000002286       0x16
 .text.vTaskInternalSetTimeOutState
                0x0000000000002286       0x16 build/default/production/freertos/tasks.o
                0x0000000000002286                vTaskInternalSetTimeOutState

.text.exit      0x000000000000229c       0x16
 .text.exit     0x000000000000229c       0x16 c:/program files/microchip/xc8/v2.50/avr/bin/../lib/gcc/avr/5.4.0/../../../../avr/lib/avr5\libc.a(exit.o)
                0x000000000000229c                exit

.text.memcpy    0x00000000000022b2       0x16
 .text.memcpy   0x00000000000022b2       0x16 c:/program files/microchip/xc8/v2.50/avr/bin/../lib/gcc/avr/5.4.0/../../../../avr/lib/avr5\libc.a(memcpy.o)
                0x00000000000022b2                memcpy

.text.memset    0x00000000000022c8       0x12
 .text.memset   0x00000000000022c8       0x12 c:/program files/microchip/xc8/v2.50/avr/bin/../lib/gcc/avr/5.4.0/../../../../avr/lib/avr5\libc.a(memset.o)
                0x00000000000022c8                memset

.text           0x00000000000022da        0xe
 .text          0x00000000000022da        0xe c:/program files/microchip/xc8/v2.50/avr/bin/../lib/gcc/avr/5.4.0/../../../../avr/lib/avr5\libm.a(addsf3.o)
                0x00000000000022da                __subsf3
                0x00000000000022dc                __addsf3

.text           0x00000000000022e8        0xe
 .text          0x00000000000022e8        0xe c:/program files/microchip/xc8/v2.50/avr/bin/../lib/gcc/avr/5.4.0/../../../../avr/lib/avr5\libm.a(fixsfsi.o)
                0x00000000000022e8                __fixsfsi

.text           0x00000000000022f6        0xe
 .text          0x00000000000022f6        0xe c:/program files/microchip/xc8/v2.50/avr/bin/../lib/gcc/avr/5.4.0/../../../../avr/lib/avr5\libm.a(fp_pscA.o)
                0x00000000000022f6                __fp_pscA

.text           0x0000000000002304        0xe
 .text          0x0000000000002304        0xe c:/program files/microchip/xc8/v2.50/avr/bin/../lib/gcc/avr/5.4.0/../../../../avr/lib/avr5\libm.a(fp_pscB.o)
                0x0000000000002304                __fp_pscB

.text           0x0000000000002312        0xe
 .text          0x0000000000002312        0xe c:/program files/microchip/xc8/v2.50/avr/bin/../lib/gcc/avr/5.4.0/../../../../avr/lib/avr5\libm.a(fp_zero.o)
                0x0000000000002312                __fp_zero
                0x0000000000002314                __fp_szero

.text.vTaskSuspendAll
                0x0000000000002320        0xc
 .text.vTaskSuspendAll
                0x0000000000002320        0xc build/default/production/freertos/tasks.o
                0x0000000000002320                vTaskSuspendAll

.text           0x000000000000232c        0xc
 .text          0x000000000000232c        0xc c:/program files/microchip/xc8/v2.50/avr/bin/../lib/gcc/avr/5.4.0/../../../../avr/lib/avr5\libm.a(fp_inf.o)
                0x000000000000232c                __fp_inf

.text.uart_send_char
                0x0000000000002338        0x8
 .text.uart_send_char
                0x0000000000002338        0x8 build/default/production/my_usart.o
                0x0000000000002338                uart_send_char

.text.vListInitialiseItem
                0x0000000000002340        0x8
 .text.vListInitialiseItem
                0x0000000000002340        0x8 build/default/production/freertos/list.o
                0x0000000000002340                vListInitialiseItem

.text.vTaskMissedYield
                0x0000000000002348        0x8
 .text.vTaskMissedYield
                0x0000000000002348        0x8 build/default/production/freertos/tasks.o
                0x0000000000002348                vTaskMissedYield

.text           0x0000000000002350        0x8
 .text          0x0000000000002350        0x8 c:/program files/microchip/xc8/v2.50/avr/bin/../lib/gcc/avr/5.4.0/../../../../avr/lib/avr5\libm.a(divsf3.o)
                0x0000000000002350                __divsf3

.text.__vector_7
                0x0000000000002358        0x6
 .text.__vector_7
                0x0000000000002358        0x6 build/default/production/freertos/port.o
                0x0000000000002358                __vector_7

.text           0x000000000000235e        0x6
 .text          0x000000000000235e        0x6 c:/program files/microchip/xc8/v2.50/avr/bin/../lib/gcc/avr/5.4.0/../../../../avr/lib/avr5\libm.a(fp_nan.o)
                0x000000000000235e                __fp_nan

.text           0x0000000000002364        0x4
 .text          0x0000000000002364        0x4 D:/mplabx/packs/Microchip/ATmega_DFP/3.1.264/xc8/avr/lib/avr5/crtatmega32a.o
                0x0000000000002364                __vector_1
                0x0000000000002364                __vector_12
                0x0000000000002364                __bad_interrupt
                0x0000000000002364                __vector_6
                0x0000000000002364                __vector_3
                0x0000000000002364                __vector_11
                0x0000000000002364                __vector_13
                0x0000000000002364                __vector_17
                0x0000000000002364                __vector_19
                0x0000000000002364                __vector_5
                0x0000000000002364                __vector_4
                0x0000000000002364                __vector_9
                0x0000000000002364                __vector_2
                0x0000000000002364                __vector_15
                0x0000000000002364                __vector_8
                0x0000000000002364                __vector_14
                0x0000000000002364                __vector_10
                0x0000000000002364                __vector_16
                0x0000000000002364                __vector_18
                0x0000000000002364                __vector_20

.text._Exit     0x0000000000002368        0x4
 .text._Exit    0x0000000000002368        0x4 c:/program files/microchip/xc8/v2.50/avr/bin/../lib/gcc/avr/5.4.0/../../../../avr/lib/avr5\libc.a(_Exit.o)
                0x0000000000002368                _Exit

.text.__dummy_fini
                0x000000000000236c        0x2
 .text.__dummy_fini
                0x000000000000236c        0x2 c:/program files/microchip/xc8/v2.50/avr/bin/../lib/gcc/avr/5.4.0/../../../../avr/lib/avr5\libc.a(exit.o)
                0x000000000000236c                _fini

.text.__dummy_funcs_on_exit
                0x000000000000236e        0x2
 .text.__dummy_funcs_on_exit
                0x000000000000236e        0x2 c:/program files/microchip/xc8/v2.50/avr/bin/../lib/gcc/avr/5.4.0/../../../../avr/lib/avr5\libc.a(exit.o)
                0x000000000000236e                __funcs_on_exit

.text.__dummy_simulator_exit
                0x0000000000002370        0x2
 .text.__dummy_simulator_exit
                0x0000000000002370        0x2 c:/program files/microchip/xc8/v2.50/avr/bin/../lib/gcc/avr/5.4.0/../../../../avr/lib/avr5\libc.a(exit.o)
                0x0000000000002370                __simulator_exit

.rodata         0x000000000080063c       0x35 load address 0x0000000000002372
 .rodata        0x000000000080063c       0x35 build/default/production/main-code.o

.rodata         0x00000000008006c2        0x5 load address 0x00000000000023a7
 .rodata        0x00000000008006c2        0x5 build/default/production/freertos/tasks.o

.data.uxTopUsedPriority
                0x00000000008006ec        0x1 load address 0x00000000000023ac
 .data.uxTopUsedPriority
                0x00000000008006ec        0x1 build/default/production/freertos/tasks.o
                0x00000000008006ec                uxTopUsedPriority
